 ArregloSeisPorSeis_sfun

 Timestamp is 5761503d (Wed Jun 15 09:55:25 2016)

 Preferred load address is 0000000180000000

 Start         Length     Name                   Class
 0001:00000000 000c9394H .text                   CODE
 0001:000c93a0 00000092H .text$x                 CODE
 0002:00000000 00000478H .idata$5                DATA
 0002:00000478 00000008H .CRT$XCA                DATA
 0002:00000480 00000008H .CRT$XCZ                DATA
 0002:00000488 00000008H .CRT$XIA                DATA
 0002:00000490 00000008H .CRT$XIAA               DATA
 0002:00000498 00000008H .CRT$XIZ                DATA
 0002:000004a0 00004b6cH .rdata                  DATA
 0002:00005010 00000008H .rtc$IAA                DATA
 0002:00005018 00000008H .rtc$IZZ                DATA
 0002:00005020 00000008H .rtc$TAA                DATA
 0002:00005028 00000008H .rtc$TZZ                DATA
 0002:00005030 0000617cH .xdata                  DATA
 0002:0000b1ac 000000a0H .idata$2                DATA
 0002:0000b24c 00000014H .idata$3                DATA
 0002:0000b260 00000478H .idata$4                DATA
 0002:0000b6d8 00000a5eH .idata$6                DATA
 0002:0000c140 0000005dH .edata                  DATA
 0003:00000000 0001c858H .data                   DATA
 0003:0001c860 00002738H .bss                    DATA
 0004:00000000 00006120H .pdata                  DATA

  Address         Publics by Value              Rva+Base               Lib:Object

 0000:00000000       ___safe_se_handler_table   0000000000000000     <absolute>
 0000:00000000       ___safe_se_handler_count   0000000000000000     <absolute>
 0000:00000000       __ImageBase                0000000180000000     <linker-defined>
 0001:00000000       sf_c1_ArregloSeisPorSeis_get_eml_resolved_functions_info 0000000180001000 f   c1_ArregloSeisPorSeis.obj
 0001:000007b0       sf_c1_ArregloSeisPorSeis_get_check_sum 00000001800017b0 f   c1_ArregloSeisPorSeis.obj
 0001:00000830       sf_c1_ArregloSeisPorSeis_get_autoinheritance_info 0000000180001830 f   c1_ArregloSeisPorSeis.obj
 0001:00000ee0       sf_internal_get_sim_state_c1_ArregloSeisPorSeis 0000000180001ee0 f   c1_ArregloSeisPorSeis.obj
 0001:00001240       sf_internal_set_sim_state_c1_ArregloSeisPorSeis 0000000180002240 f   c1_ArregloSeisPorSeis.obj
 0001:00001630       c1_ArregloSeisPorSeis_method_dispatcher 0000000180002630 f   c1_ArregloSeisPorSeis.obj
 0001:00004210       sf_c2_ArregloSeisPorSeis_get_eml_resolved_functions_info 0000000180005210 f   c2_ArregloSeisPorSeis.obj
 0001:00004a40       sf_c2_ArregloSeisPorSeis_get_check_sum 0000000180005a40 f   c2_ArregloSeisPorSeis.obj
 0001:00004ac0       sf_c2_ArregloSeisPorSeis_get_autoinheritance_info 0000000180005ac0 f   c2_ArregloSeisPorSeis.obj
 0001:00005170       sf_internal_get_sim_state_c2_ArregloSeisPorSeis 0000000180006170 f   c2_ArregloSeisPorSeis.obj
 0001:000054c0       sf_internal_set_sim_state_c2_ArregloSeisPorSeis 00000001800064c0 f   c2_ArregloSeisPorSeis.obj
 0001:000058b0       c2_ArregloSeisPorSeis_method_dispatcher 00000001800068b0 f   c2_ArregloSeisPorSeis.obj
 0001:00008490       sf_c3_ArregloSeisPorSeis_get_eml_resolved_functions_info 0000000180009490 f   c3_ArregloSeisPorSeis.obj
 0001:00008d30       sf_c3_ArregloSeisPorSeis_get_check_sum 0000000180009d30 f   c3_ArregloSeisPorSeis.obj
 0001:00008db0       sf_c3_ArregloSeisPorSeis_get_autoinheritance_info 0000000180009db0 f   c3_ArregloSeisPorSeis.obj
 0001:00009460       sf_internal_get_sim_state_c3_ArregloSeisPorSeis 000000018000a460 f   c3_ArregloSeisPorSeis.obj
 0001:000097b0       sf_internal_set_sim_state_c3_ArregloSeisPorSeis 000000018000a7b0 f   c3_ArregloSeisPorSeis.obj
 0001:00009ba0       c3_ArregloSeisPorSeis_method_dispatcher 000000018000aba0 f   c3_ArregloSeisPorSeis.obj
 0001:0000c780       sf_c4_ArregloSeisPorSeis_get_eml_resolved_functions_info 000000018000d780 f   c4_ArregloSeisPorSeis.obj
 0001:0000cf30       sf_c4_ArregloSeisPorSeis_get_check_sum 000000018000df30 f   c4_ArregloSeisPorSeis.obj
 0001:0000cfb0       sf_c4_ArregloSeisPorSeis_get_autoinheritance_info 000000018000dfb0 f   c4_ArregloSeisPorSeis.obj
 0001:0000d660       sf_internal_get_sim_state_c4_ArregloSeisPorSeis 000000018000e660 f   c4_ArregloSeisPorSeis.obj
 0001:0000d9b0       sf_internal_set_sim_state_c4_ArregloSeisPorSeis 000000018000e9b0 f   c4_ArregloSeisPorSeis.obj
 0001:0000dda0       c4_ArregloSeisPorSeis_method_dispatcher 000000018000eda0 f   c4_ArregloSeisPorSeis.obj
 0001:00010980       sf_c5_ArregloSeisPorSeis_get_eml_resolved_functions_info 0000000180011980 f   c5_ArregloSeisPorSeis.obj
 0001:00011230       sf_c5_ArregloSeisPorSeis_get_check_sum 0000000180012230 f   c5_ArregloSeisPorSeis.obj
 0001:000112b0       sf_c5_ArregloSeisPorSeis_get_autoinheritance_info 00000001800122b0 f   c5_ArregloSeisPorSeis.obj
 0001:00011960       sf_internal_get_sim_state_c5_ArregloSeisPorSeis 0000000180012960 f   c5_ArregloSeisPorSeis.obj
 0001:00011cb0       sf_internal_set_sim_state_c5_ArregloSeisPorSeis 0000000180012cb0 f   c5_ArregloSeisPorSeis.obj
 0001:000120a0       c5_ArregloSeisPorSeis_method_dispatcher 00000001800130a0 f   c5_ArregloSeisPorSeis.obj
 0001:00014c80       sf_c6_ArregloSeisPorSeis_get_eml_resolved_functions_info 0000000180015c80 f   c6_ArregloSeisPorSeis.obj
 0001:00015430       sf_c6_ArregloSeisPorSeis_get_check_sum 0000000180016430 f   c6_ArregloSeisPorSeis.obj
 0001:000154b0       sf_c6_ArregloSeisPorSeis_get_autoinheritance_info 00000001800164b0 f   c6_ArregloSeisPorSeis.obj
 0001:00015b60       sf_internal_get_sim_state_c6_ArregloSeisPorSeis 0000000180016b60 f   c6_ArregloSeisPorSeis.obj
 0001:00015eb0       sf_internal_set_sim_state_c6_ArregloSeisPorSeis 0000000180016eb0 f   c6_ArregloSeisPorSeis.obj
 0001:000162a0       c6_ArregloSeisPorSeis_method_dispatcher 00000001800172a0 f   c6_ArregloSeisPorSeis.obj
 0001:00018e80       sf_c7_ArregloSeisPorSeis_get_eml_resolved_functions_info 0000000180019e80 f   c7_ArregloSeisPorSeis.obj
 0001:00019680       sf_c7_ArregloSeisPorSeis_get_check_sum 000000018001a680 f   c7_ArregloSeisPorSeis.obj
 0001:00019700       sf_c7_ArregloSeisPorSeis_get_autoinheritance_info 000000018001a700 f   c7_ArregloSeisPorSeis.obj
 0001:00019db0       sf_internal_get_sim_state_c7_ArregloSeisPorSeis 000000018001adb0 f   c7_ArregloSeisPorSeis.obj
 0001:0001a100       sf_internal_set_sim_state_c7_ArregloSeisPorSeis 000000018001b100 f   c7_ArregloSeisPorSeis.obj
 0001:0001a4f0       c7_ArregloSeisPorSeis_method_dispatcher 000000018001b4f0 f   c7_ArregloSeisPorSeis.obj
 0001:0001d0d0       sf_c8_ArregloSeisPorSeis_get_eml_resolved_functions_info 000000018001e0d0 f   c8_ArregloSeisPorSeis.obj
 0001:0001d9b0       sf_c8_ArregloSeisPorSeis_get_check_sum 000000018001e9b0 f   c8_ArregloSeisPorSeis.obj
 0001:0001da30       sf_c8_ArregloSeisPorSeis_get_autoinheritance_info 000000018001ea30 f   c8_ArregloSeisPorSeis.obj
 0001:0001e0e0       sf_internal_get_sim_state_c8_ArregloSeisPorSeis 000000018001f0e0 f   c8_ArregloSeisPorSeis.obj
 0001:0001e420       sf_internal_set_sim_state_c8_ArregloSeisPorSeis 000000018001f420 f   c8_ArregloSeisPorSeis.obj
 0001:0001e810       c8_ArregloSeisPorSeis_method_dispatcher 000000018001f810 f   c8_ArregloSeisPorSeis.obj
 0001:000213f0       sf_c9_ArregloSeisPorSeis_get_eml_resolved_functions_info 00000001800223f0 f   c9_ArregloSeisPorSeis.obj
 0001:00021c20       sf_c9_ArregloSeisPorSeis_get_check_sum 0000000180022c20 f   c9_ArregloSeisPorSeis.obj
 0001:00021ca0       sf_c9_ArregloSeisPorSeis_get_autoinheritance_info 0000000180022ca0 f   c9_ArregloSeisPorSeis.obj
 0001:00022350       sf_internal_get_sim_state_c9_ArregloSeisPorSeis 0000000180023350 f   c9_ArregloSeisPorSeis.obj
 0001:000226b0       sf_internal_set_sim_state_c9_ArregloSeisPorSeis 00000001800236b0 f   c9_ArregloSeisPorSeis.obj
 0001:00022aa0       c9_ArregloSeisPorSeis_method_dispatcher 0000000180023aa0 f   c9_ArregloSeisPorSeis.obj
 0001:00025680       sf_c10_ArregloSeisPorSeis_get_eml_resolved_functions_info 0000000180026680 f   c10_ArregloSeisPorSeis.obj
 0001:00025e80       sf_c10_ArregloSeisPorSeis_get_check_sum 0000000180026e80 f   c10_ArregloSeisPorSeis.obj
 0001:00025f00       sf_c10_ArregloSeisPorSeis_get_autoinheritance_info 0000000180026f00 f   c10_ArregloSeisPorSeis.obj
 0001:000265b0       sf_internal_get_sim_state_c10_ArregloSeisPorSeis 00000001800275b0 f   c10_ArregloSeisPorSeis.obj
 0001:00026900       sf_internal_set_sim_state_c10_ArregloSeisPorSeis 0000000180027900 f   c10_ArregloSeisPorSeis.obj
 0001:00026cf0       c10_ArregloSeisPorSeis_method_dispatcher 0000000180027cf0 f   c10_ArregloSeisPorSeis.obj
 0001:000298d0       sf_c11_ArregloSeisPorSeis_get_eml_resolved_functions_info 000000018002a8d0 f   c11_ArregloSeisPorSeis.obj
 0001:0002a090       sf_c11_ArregloSeisPorSeis_get_check_sum 000000018002b090 f   c11_ArregloSeisPorSeis.obj
 0001:0002a110       sf_c11_ArregloSeisPorSeis_get_autoinheritance_info 000000018002b110 f   c11_ArregloSeisPorSeis.obj
 0001:0002a7c0       sf_internal_get_sim_state_c11_ArregloSeisPorSeis 000000018002b7c0 f   c11_ArregloSeisPorSeis.obj
 0001:0002ab10       sf_internal_set_sim_state_c11_ArregloSeisPorSeis 000000018002bb10 f   c11_ArregloSeisPorSeis.obj
 0001:0002af00       c11_ArregloSeisPorSeis_method_dispatcher 000000018002bf00 f   c11_ArregloSeisPorSeis.obj
 0001:0002dae0       sf_c12_ArregloSeisPorSeis_get_eml_resolved_functions_info 000000018002eae0 f   c12_ArregloSeisPorSeis.obj
 0001:0002e290       sf_c12_ArregloSeisPorSeis_get_check_sum 000000018002f290 f   c12_ArregloSeisPorSeis.obj
 0001:0002e310       sf_c12_ArregloSeisPorSeis_get_autoinheritance_info 000000018002f310 f   c12_ArregloSeisPorSeis.obj
 0001:0002e9c0       sf_internal_get_sim_state_c12_ArregloSeisPorSeis 000000018002f9c0 f   c12_ArregloSeisPorSeis.obj
 0001:0002ed10       sf_internal_set_sim_state_c12_ArregloSeisPorSeis 000000018002fd10 f   c12_ArregloSeisPorSeis.obj
 0001:0002f100       c12_ArregloSeisPorSeis_method_dispatcher 0000000180030100 f   c12_ArregloSeisPorSeis.obj
 0001:00031ce0       sf_c13_ArregloSeisPorSeis_get_eml_resolved_functions_info 0000000180032ce0 f   c13_ArregloSeisPorSeis.obj
 0001:00032590       sf_c13_ArregloSeisPorSeis_get_check_sum 0000000180033590 f   c13_ArregloSeisPorSeis.obj
 0001:00032610       sf_c13_ArregloSeisPorSeis_get_autoinheritance_info 0000000180033610 f   c13_ArregloSeisPorSeis.obj
 0001:00032cc0       sf_internal_get_sim_state_c13_ArregloSeisPorSeis 0000000180033cc0 f   c13_ArregloSeisPorSeis.obj
 0001:00033010       sf_internal_set_sim_state_c13_ArregloSeisPorSeis 0000000180034010 f   c13_ArregloSeisPorSeis.obj
 0001:00033400       c13_ArregloSeisPorSeis_method_dispatcher 0000000180034400 f   c13_ArregloSeisPorSeis.obj
 0001:00035fe0       sf_c14_ArregloSeisPorSeis_get_eml_resolved_functions_info 0000000180036fe0 f   c14_ArregloSeisPorSeis.obj
 0001:00036790       sf_c14_ArregloSeisPorSeis_get_check_sum 0000000180037790 f   c14_ArregloSeisPorSeis.obj
 0001:00036810       sf_c14_ArregloSeisPorSeis_get_autoinheritance_info 0000000180037810 f   c14_ArregloSeisPorSeis.obj
 0001:00036ec0       sf_internal_get_sim_state_c14_ArregloSeisPorSeis 0000000180037ec0 f   c14_ArregloSeisPorSeis.obj
 0001:00037200       sf_internal_set_sim_state_c14_ArregloSeisPorSeis 0000000180038200 f   c14_ArregloSeisPorSeis.obj
 0001:000375f0       c14_ArregloSeisPorSeis_method_dispatcher 00000001800385f0 f   c14_ArregloSeisPorSeis.obj
 0001:0003a1c0       sf_c15_ArregloSeisPorSeis_get_eml_resolved_functions_info 000000018003b1c0 f   c15_ArregloSeisPorSeis.obj
 0001:0003a970       sf_c15_ArregloSeisPorSeis_get_check_sum 000000018003b970 f   c15_ArregloSeisPorSeis.obj
 0001:0003a9f0       sf_c15_ArregloSeisPorSeis_get_autoinheritance_info 000000018003b9f0 f   c15_ArregloSeisPorSeis.obj
 0001:0003b0a0       sf_internal_get_sim_state_c15_ArregloSeisPorSeis 000000018003c0a0 f   c15_ArregloSeisPorSeis.obj
 0001:0003b3f0       sf_internal_set_sim_state_c15_ArregloSeisPorSeis 000000018003c3f0 f   c15_ArregloSeisPorSeis.obj
 0001:0003b7e0       c15_ArregloSeisPorSeis_method_dispatcher 000000018003c7e0 f   c15_ArregloSeisPorSeis.obj
 0001:0003e3c0       sf_c16_ArregloSeisPorSeis_get_eml_resolved_functions_info 000000018003f3c0 f   c16_ArregloSeisPorSeis.obj
 0001:0003ec70       sf_c16_ArregloSeisPorSeis_get_check_sum 000000018003fc70 f   c16_ArregloSeisPorSeis.obj
 0001:0003ecf0       sf_c16_ArregloSeisPorSeis_get_autoinheritance_info 000000018003fcf0 f   c16_ArregloSeisPorSeis.obj
 0001:0003f3a0       sf_internal_get_sim_state_c16_ArregloSeisPorSeis 00000001800403a0 f   c16_ArregloSeisPorSeis.obj
 0001:0003f6f0       sf_internal_set_sim_state_c16_ArregloSeisPorSeis 00000001800406f0 f   c16_ArregloSeisPorSeis.obj
 0001:0003fae0       c16_ArregloSeisPorSeis_method_dispatcher 0000000180040ae0 f   c16_ArregloSeisPorSeis.obj
 0001:000426c0       sf_c17_ArregloSeisPorSeis_get_eml_resolved_functions_info 00000001800436c0 f   c17_ArregloSeisPorSeis.obj
 0001:00042ec0       sf_c17_ArregloSeisPorSeis_get_check_sum 0000000180043ec0 f   c17_ArregloSeisPorSeis.obj
 0001:00042f40       sf_c17_ArregloSeisPorSeis_get_autoinheritance_info 0000000180043f40 f   c17_ArregloSeisPorSeis.obj
 0001:000435f0       sf_internal_get_sim_state_c17_ArregloSeisPorSeis 00000001800445f0 f   c17_ArregloSeisPorSeis.obj
 0001:00043930       sf_internal_set_sim_state_c17_ArregloSeisPorSeis 0000000180044930 f   c17_ArregloSeisPorSeis.obj
 0001:00043d20       c17_ArregloSeisPorSeis_method_dispatcher 0000000180044d20 f   c17_ArregloSeisPorSeis.obj
 0001:00046900       sf_c18_ArregloSeisPorSeis_get_eml_resolved_functions_info 0000000180047900 f   c18_ArregloSeisPorSeis.obj
 0001:000470b0       sf_c18_ArregloSeisPorSeis_get_check_sum 00000001800480b0 f   c18_ArregloSeisPorSeis.obj
 0001:00047130       sf_c18_ArregloSeisPorSeis_get_autoinheritance_info 0000000180048130 f   c18_ArregloSeisPorSeis.obj
 0001:000477e0       sf_internal_get_sim_state_c18_ArregloSeisPorSeis 00000001800487e0 f   c18_ArregloSeisPorSeis.obj
 0001:00047b30       sf_internal_set_sim_state_c18_ArregloSeisPorSeis 0000000180048b30 f   c18_ArregloSeisPorSeis.obj
 0001:00047f20       c18_ArregloSeisPorSeis_method_dispatcher 0000000180048f20 f   c18_ArregloSeisPorSeis.obj
 0001:0004ab00       sf_c19_ArregloSeisPorSeis_get_eml_resolved_functions_info 000000018004bb00 f   c19_ArregloSeisPorSeis.obj
 0001:0004b2f0       sf_c19_ArregloSeisPorSeis_get_check_sum 000000018004c2f0 f   c19_ArregloSeisPorSeis.obj
 0001:0004b370       sf_c19_ArregloSeisPorSeis_get_autoinheritance_info 000000018004c370 f   c19_ArregloSeisPorSeis.obj
 0001:0004ba20       sf_internal_get_sim_state_c19_ArregloSeisPorSeis 000000018004ca20 f   c19_ArregloSeisPorSeis.obj
 0001:0004bd70       sf_internal_set_sim_state_c19_ArregloSeisPorSeis 000000018004cd70 f   c19_ArregloSeisPorSeis.obj
 0001:0004c160       c19_ArregloSeisPorSeis_method_dispatcher 000000018004d160 f   c19_ArregloSeisPorSeis.obj
 0001:0004ed40       sf_c20_ArregloSeisPorSeis_get_eml_resolved_functions_info 000000018004fd40 f   c20_ArregloSeisPorSeis.obj
 0001:0004f520       sf_c20_ArregloSeisPorSeis_get_check_sum 0000000180050520 f   c20_ArregloSeisPorSeis.obj
 0001:0004f5a0       sf_c20_ArregloSeisPorSeis_get_autoinheritance_info 00000001800505a0 f   c20_ArregloSeisPorSeis.obj
 0001:0004fc50       sf_internal_get_sim_state_c20_ArregloSeisPorSeis 0000000180050c50 f   c20_ArregloSeisPorSeis.obj
 0001:0004ff90       sf_internal_set_sim_state_c20_ArregloSeisPorSeis 0000000180050f90 f   c20_ArregloSeisPorSeis.obj
 0001:00050380       c20_ArregloSeisPorSeis_method_dispatcher 0000000180051380 f   c20_ArregloSeisPorSeis.obj
 0001:00052f60       sf_c21_ArregloSeisPorSeis_get_eml_resolved_functions_info 0000000180053f60 f   c21_ArregloSeisPorSeis.obj
 0001:00053740       sf_c21_ArregloSeisPorSeis_get_check_sum 0000000180054740 f   c21_ArregloSeisPorSeis.obj
 0001:000537c0       sf_c21_ArregloSeisPorSeis_get_autoinheritance_info 00000001800547c0 f   c21_ArregloSeisPorSeis.obj
 0001:00053e70       sf_internal_get_sim_state_c21_ArregloSeisPorSeis 0000000180054e70 f   c21_ArregloSeisPorSeis.obj
 0001:000541c0       sf_internal_set_sim_state_c21_ArregloSeisPorSeis 00000001800551c0 f   c21_ArregloSeisPorSeis.obj
 0001:000545b0       c21_ArregloSeisPorSeis_method_dispatcher 00000001800555b0 f   c21_ArregloSeisPorSeis.obj
 0001:00057190       sf_c22_ArregloSeisPorSeis_get_eml_resolved_functions_info 0000000180058190 f   c22_ArregloSeisPorSeis.obj
 0001:00057970       sf_c22_ArregloSeisPorSeis_get_check_sum 0000000180058970 f   c22_ArregloSeisPorSeis.obj
 0001:000579f0       sf_c22_ArregloSeisPorSeis_get_autoinheritance_info 00000001800589f0 f   c22_ArregloSeisPorSeis.obj
 0001:000580a0       sf_internal_get_sim_state_c22_ArregloSeisPorSeis 00000001800590a0 f   c22_ArregloSeisPorSeis.obj
 0001:000583f0       sf_internal_set_sim_state_c22_ArregloSeisPorSeis 00000001800593f0 f   c22_ArregloSeisPorSeis.obj
 0001:000587e0       c22_ArregloSeisPorSeis_method_dispatcher 00000001800597e0 f   c22_ArregloSeisPorSeis.obj
 0001:0005b3c0       sf_c23_ArregloSeisPorSeis_get_eml_resolved_functions_info 000000018005c3c0 f   c23_ArregloSeisPorSeis.obj
 0001:0005bb70       sf_c23_ArregloSeisPorSeis_get_check_sum 000000018005cb70 f   c23_ArregloSeisPorSeis.obj
 0001:0005bbf0       sf_c23_ArregloSeisPorSeis_get_autoinheritance_info 000000018005cbf0 f   c23_ArregloSeisPorSeis.obj
 0001:0005c2a0       sf_internal_get_sim_state_c23_ArregloSeisPorSeis 000000018005d2a0 f   c23_ArregloSeisPorSeis.obj
 0001:0005c5f0       sf_internal_set_sim_state_c23_ArregloSeisPorSeis 000000018005d5f0 f   c23_ArregloSeisPorSeis.obj
 0001:0005c9e0       c23_ArregloSeisPorSeis_method_dispatcher 000000018005d9e0 f   c23_ArregloSeisPorSeis.obj
 0001:0005f5c0       sf_c24_ArregloSeisPorSeis_get_eml_resolved_functions_info 00000001800605c0 f   c24_ArregloSeisPorSeis.obj
 0001:0005fda0       sf_c24_ArregloSeisPorSeis_get_check_sum 0000000180060da0 f   c24_ArregloSeisPorSeis.obj
 0001:0005fe20       sf_c24_ArregloSeisPorSeis_get_autoinheritance_info 0000000180060e20 f   c24_ArregloSeisPorSeis.obj
 0001:000604d0       sf_internal_get_sim_state_c24_ArregloSeisPorSeis 00000001800614d0 f   c24_ArregloSeisPorSeis.obj
 0001:00060810       sf_internal_set_sim_state_c24_ArregloSeisPorSeis 0000000180061810 f   c24_ArregloSeisPorSeis.obj
 0001:00060c00       c24_ArregloSeisPorSeis_method_dispatcher 0000000180061c00 f   c24_ArregloSeisPorSeis.obj
 0001:000637e0       sf_c25_ArregloSeisPorSeis_get_eml_resolved_functions_info 00000001800647e0 f   c25_ArregloSeisPorSeis.obj
 0001:000640b0       sf_c25_ArregloSeisPorSeis_get_check_sum 00000001800650b0 f   c25_ArregloSeisPorSeis.obj
 0001:00064130       sf_c25_ArregloSeisPorSeis_get_autoinheritance_info 0000000180065130 f   c25_ArregloSeisPorSeis.obj
 0001:000647e0       sf_internal_get_sim_state_c25_ArregloSeisPorSeis 00000001800657e0 f   c25_ArregloSeisPorSeis.obj
 0001:00064b30       sf_internal_set_sim_state_c25_ArregloSeisPorSeis 0000000180065b30 f   c25_ArregloSeisPorSeis.obj
 0001:00064f20       c25_ArregloSeisPorSeis_method_dispatcher 0000000180065f20 f   c25_ArregloSeisPorSeis.obj
 0001:00067b00       sf_c26_ArregloSeisPorSeis_get_eml_resolved_functions_info 0000000180068b00 f   c26_ArregloSeisPorSeis.obj
 0001:00068300       sf_c26_ArregloSeisPorSeis_get_check_sum 0000000180069300 f   c26_ArregloSeisPorSeis.obj
 0001:00068380       sf_c26_ArregloSeisPorSeis_get_autoinheritance_info 0000000180069380 f   c26_ArregloSeisPorSeis.obj
 0001:00068a30       sf_internal_get_sim_state_c26_ArregloSeisPorSeis 0000000180069a30 f   c26_ArregloSeisPorSeis.obj
 0001:00068d80       sf_internal_set_sim_state_c26_ArregloSeisPorSeis 0000000180069d80 f   c26_ArregloSeisPorSeis.obj
 0001:00069170       c26_ArregloSeisPorSeis_method_dispatcher 000000018006a170 f   c26_ArregloSeisPorSeis.obj
 0001:0006bd50       sf_c27_ArregloSeisPorSeis_get_eml_resolved_functions_info 000000018006cd50 f   c27_ArregloSeisPorSeis.obj
 0001:0006c600       sf_c27_ArregloSeisPorSeis_get_check_sum 000000018006d600 f   c27_ArregloSeisPorSeis.obj
 0001:0006c680       sf_c27_ArregloSeisPorSeis_get_autoinheritance_info 000000018006d680 f   c27_ArregloSeisPorSeis.obj
 0001:0006cd30       sf_internal_get_sim_state_c27_ArregloSeisPorSeis 000000018006dd30 f   c27_ArregloSeisPorSeis.obj
 0001:0006d080       sf_internal_set_sim_state_c27_ArregloSeisPorSeis 000000018006e080 f   c27_ArregloSeisPorSeis.obj
 0001:0006d470       c27_ArregloSeisPorSeis_method_dispatcher 000000018006e470 f   c27_ArregloSeisPorSeis.obj
 0001:00070050       sf_c28_ArregloSeisPorSeis_get_eml_resolved_functions_info 0000000180071050 f   c28_ArregloSeisPorSeis.obj
 0001:00070930       sf_c28_ArregloSeisPorSeis_get_check_sum 0000000180071930 f   c28_ArregloSeisPorSeis.obj
 0001:000709b0       sf_c28_ArregloSeisPorSeis_get_autoinheritance_info 00000001800719b0 f   c28_ArregloSeisPorSeis.obj
 0001:00071060       sf_internal_get_sim_state_c28_ArregloSeisPorSeis 0000000180072060 f   c28_ArregloSeisPorSeis.obj
 0001:000713b0       sf_internal_set_sim_state_c28_ArregloSeisPorSeis 00000001800723b0 f   c28_ArregloSeisPorSeis.obj
 0001:000717a0       c28_ArregloSeisPorSeis_method_dispatcher 00000001800727a0 f   c28_ArregloSeisPorSeis.obj
 0001:00074380       sf_c29_ArregloSeisPorSeis_get_eml_resolved_functions_info 0000000180075380 f   c29_ArregloSeisPorSeis.obj
 0001:00074c30       sf_c29_ArregloSeisPorSeis_get_check_sum 0000000180075c30 f   c29_ArregloSeisPorSeis.obj
 0001:00074cb0       sf_c29_ArregloSeisPorSeis_get_autoinheritance_info 0000000180075cb0 f   c29_ArregloSeisPorSeis.obj
 0001:00075360       sf_internal_get_sim_state_c29_ArregloSeisPorSeis 0000000180076360 f   c29_ArregloSeisPorSeis.obj
 0001:000756b0       sf_internal_set_sim_state_c29_ArregloSeisPorSeis 00000001800766b0 f   c29_ArregloSeisPorSeis.obj
 0001:00075aa0       c29_ArregloSeisPorSeis_method_dispatcher 0000000180076aa0 f   c29_ArregloSeisPorSeis.obj
 0001:00078680       sf_c30_ArregloSeisPorSeis_get_eml_resolved_functions_info 0000000180079680 f   c30_ArregloSeisPorSeis.obj
 0001:00078f60       sf_c30_ArregloSeisPorSeis_get_check_sum 0000000180079f60 f   c30_ArregloSeisPorSeis.obj
 0001:00078fe0       sf_c30_ArregloSeisPorSeis_get_autoinheritance_info 0000000180079fe0 f   c30_ArregloSeisPorSeis.obj
 0001:00079690       sf_internal_get_sim_state_c30_ArregloSeisPorSeis 000000018007a690 f   c30_ArregloSeisPorSeis.obj
 0001:000799e0       sf_internal_set_sim_state_c30_ArregloSeisPorSeis 000000018007a9e0 f   c30_ArregloSeisPorSeis.obj
 0001:00079dd0       c30_ArregloSeisPorSeis_method_dispatcher 000000018007add0 f   c30_ArregloSeisPorSeis.obj
 0001:0007c9b0       sf_c31_ArregloSeisPorSeis_get_eml_resolved_functions_info 000000018007d9b0 f   c31_ArregloSeisPorSeis.obj
 0001:0007d1a0       sf_c31_ArregloSeisPorSeis_get_check_sum 000000018007e1a0 f   c31_ArregloSeisPorSeis.obj
 0001:0007d220       sf_c31_ArregloSeisPorSeis_get_autoinheritance_info 000000018007e220 f   c31_ArregloSeisPorSeis.obj
 0001:0007d8d0       sf_internal_get_sim_state_c31_ArregloSeisPorSeis 000000018007e8d0 f   c31_ArregloSeisPorSeis.obj
 0001:0007dc10       sf_internal_set_sim_state_c31_ArregloSeisPorSeis 000000018007ec10 f   c31_ArregloSeisPorSeis.obj
 0001:0007e000       c31_ArregloSeisPorSeis_method_dispatcher 000000018007f000 f   c31_ArregloSeisPorSeis.obj
 0001:00080be0       sf_c32_ArregloSeisPorSeis_get_eml_resolved_functions_info 0000000180081be0 f   c32_ArregloSeisPorSeis.obj
 0001:000813c0       sf_c32_ArregloSeisPorSeis_get_check_sum 00000001800823c0 f   c32_ArregloSeisPorSeis.obj
 0001:00081440       sf_c32_ArregloSeisPorSeis_get_autoinheritance_info 0000000180082440 f   c32_ArregloSeisPorSeis.obj
 0001:00081af0       sf_internal_get_sim_state_c32_ArregloSeisPorSeis 0000000180082af0 f   c32_ArregloSeisPorSeis.obj
 0001:00081e40       sf_internal_set_sim_state_c32_ArregloSeisPorSeis 0000000180082e40 f   c32_ArregloSeisPorSeis.obj
 0001:00082230       c32_ArregloSeisPorSeis_method_dispatcher 0000000180083230 f   c32_ArregloSeisPorSeis.obj
 0001:00084e10       sf_c33_ArregloSeisPorSeis_get_eml_resolved_functions_info 0000000180085e10 f   c33_ArregloSeisPorSeis.obj
 0001:000855c0       sf_c33_ArregloSeisPorSeis_get_check_sum 00000001800865c0 f   c33_ArregloSeisPorSeis.obj
 0001:00085640       sf_c33_ArregloSeisPorSeis_get_autoinheritance_info 0000000180086640 f   c33_ArregloSeisPorSeis.obj
 0001:00085cf0       sf_internal_get_sim_state_c33_ArregloSeisPorSeis 0000000180086cf0 f   c33_ArregloSeisPorSeis.obj
 0001:00086040       sf_internal_set_sim_state_c33_ArregloSeisPorSeis 0000000180087040 f   c33_ArregloSeisPorSeis.obj
 0001:00086430       c33_ArregloSeisPorSeis_method_dispatcher 0000000180087430 f   c33_ArregloSeisPorSeis.obj
 0001:00089010       sf_c34_ArregloSeisPorSeis_get_eml_resolved_functions_info 000000018008a010 f   c34_ArregloSeisPorSeis.obj
 0001:000897c0       sf_c34_ArregloSeisPorSeis_get_check_sum 000000018008a7c0 f   c34_ArregloSeisPorSeis.obj
 0001:00089840       sf_c34_ArregloSeisPorSeis_get_autoinheritance_info 000000018008a840 f   c34_ArregloSeisPorSeis.obj
 0001:00089ef0       sf_internal_get_sim_state_c34_ArregloSeisPorSeis 000000018008aef0 f   c34_ArregloSeisPorSeis.obj
 0001:0008a230       sf_internal_set_sim_state_c34_ArregloSeisPorSeis 000000018008b230 f   c34_ArregloSeisPorSeis.obj
 0001:0008a620       c34_ArregloSeisPorSeis_method_dispatcher 000000018008b620 f   c34_ArregloSeisPorSeis.obj
 0001:0008d200       sf_c35_ArregloSeisPorSeis_get_eml_resolved_functions_info 000000018008e200 f   c35_ArregloSeisPorSeis.obj
 0001:0008dae0       sf_c35_ArregloSeisPorSeis_get_check_sum 000000018008eae0 f   c35_ArregloSeisPorSeis.obj
 0001:0008db60       sf_c35_ArregloSeisPorSeis_get_autoinheritance_info 000000018008eb60 f   c35_ArregloSeisPorSeis.obj
 0001:0008e210       sf_internal_get_sim_state_c35_ArregloSeisPorSeis 000000018008f210 f   c35_ArregloSeisPorSeis.obj
 0001:0008e560       sf_internal_set_sim_state_c35_ArregloSeisPorSeis 000000018008f560 f   c35_ArregloSeisPorSeis.obj
 0001:0008e950       c35_ArregloSeisPorSeis_method_dispatcher 000000018008f950 f   c35_ArregloSeisPorSeis.obj
 0001:00091530       sf_c36_ArregloSeisPorSeis_get_eml_resolved_functions_info 0000000180092530 f   c36_ArregloSeisPorSeis.obj
 0001:00091e10       sf_c36_ArregloSeisPorSeis_get_check_sum 0000000180092e10 f   c36_ArregloSeisPorSeis.obj
 0001:00091e90       sf_c36_ArregloSeisPorSeis_get_autoinheritance_info 0000000180092e90 f   c36_ArregloSeisPorSeis.obj
 0001:00092540       sf_internal_get_sim_state_c36_ArregloSeisPorSeis 0000000180093540 f   c36_ArregloSeisPorSeis.obj
 0001:00092880       sf_internal_set_sim_state_c36_ArregloSeisPorSeis 0000000180093880 f   c36_ArregloSeisPorSeis.obj
 0001:00092c70       c36_ArregloSeisPorSeis_method_dispatcher 0000000180093c70 f   c36_ArregloSeisPorSeis.obj
 0001:00095850       sf_process_check_sum_call  0000000180096850 f   ArregloSeisPorSeis_sfun_registry.obj
 0001:000958a0       sf_process_autoinheritance_call 00000001800968a0 f   ArregloSeisPorSeis_sfun_registry.obj
 0001:00095a40       sf_process_get_eml_resolved_functions_info_call 0000000180096a40 f   ArregloSeisPorSeis_sfun_registry.obj
 0001:00095bc0       sf_mex_unlock_call         0000000180096bc0 f   ArregloSeisPorSeis_sfun_registry.obj
 0001:00095c70       sf_machine_global_initializer_called 0000000180096c70 f   ArregloSeisPorSeis_sfun_registry.obj
 0001:00095ca0       sf_machine_global_method_dispatcher 0000000180096ca0 f   ArregloSeisPorSeis_sfun_registry.obj
 0001:00095d00       sf_machine_global_terminator 0000000180096d00 f   ArregloSeisPorSeis_sfun_registry.obj
 0001:00095d40       sf_register_machine_exported_symbols 0000000180096d40 f   ArregloSeisPorSeis_sfun_registry.obj
 0001:00095d60       callCustomFcn              0000000180096d60 f   ArregloSeisPorSeis_sfun_registry.obj
 0001:00095d70       sf_machine_global_initializer 0000000180096d70 f   ArregloSeisPorSeis_sfun_registry.obj
 0001:00095de0       _ssSetStateAbsTol          0000000180096de0 f   ArregloSeisPorSeis_sfun_registry.obj
 0001:00095ec0       _ssGetAbsTol               0000000180096ec0 f   ArregloSeisPorSeis_sfun_registry.obj
 0001:00095f30       _ssSetInputPortMatrixDimensions 0000000180096f30 f   ArregloSeisPorSeis_sfun_registry.obj
 0001:00096040       _ssSetOutputPortMatrixDimensions 0000000180097040 f   ArregloSeisPorSeis_sfun_registry.obj
 0001:00096150       _ssSetInputPortVectorDimension 0000000180097150 f   ArregloSeisPorSeis_sfun_registry.obj
 0001:00096220       _ssSetOutputPortVectorDimension 0000000180097220 f   ArregloSeisPorSeis_sfun_registry.obj
 0001:000962f0       ssIsRunTimeParamTunable    00000001800972f0 f   ArregloSeisPorSeis_sfun_registry.obj
 0001:00096360       ssGetSFuncBlockHandle      0000000180097360 f   ArregloSeisPorSeis_sfun_registry.obj
 0001:000963d0       _ssGetCurrentInputPortWidth 00000001800973d0 f   ArregloSeisPorSeis_sfun_registry.obj
 0001:000964f0       _ssGetCurrentOutputPortWidth 00000001800974f0 f   ArregloSeisPorSeis_sfun_registry.obj
 0001:00096610       _ssGetCallSystemNumFcnCallDestinations 0000000180097610 f   ArregloSeisPorSeis_sfun_registry.obj
 0001:00096680       ssWarning                  0000000180097680 f   ArregloSeisPorSeis_sfun_registry.obj
 0001:00096790       ssGetIsZeroCrossControlDisabled 0000000180097790 f   ArregloSeisPorSeis_sfun_registry.obj
 0001:00096800       ssSetIsInputPortUsedForContZcSignal 0000000180097800 f   ArregloSeisPorSeis_sfun_registry.obj
 0001:00096870       ssSetZcSignalIsZcElementDisc 0000000180097870 f   ArregloSeisPorSeis_sfun_registry.obj
 0001:00096920       ssSetZcSignalName          0000000180097920 f   ArregloSeisPorSeis_sfun_registry.obj
 0001:00096990       ssSetZcSignalWidth         0000000180097990 f   ArregloSeisPorSeis_sfun_registry.obj
 0001:00096a00       ssSetZcSignalZcEventType   0000000180097a00 f   ArregloSeisPorSeis_sfun_registry.obj
 0001:00096a70       ssSetZcSignalType          0000000180097a70 f   ArregloSeisPorSeis_sfun_registry.obj
 0001:00096ae0       ssSetZcSignalZcTol         0000000180097ae0 f   ArregloSeisPorSeis_sfun_registry.obj
 0001:00096b50       ssSetZcSignalNeedsEventNotification 0000000180097b50 f   ArregloSeisPorSeis_sfun_registry.obj
 0001:00096bc0       ssCreateAndAddZcSignalInfo 0000000180097bc0 f   ArregloSeisPorSeis_sfun_registry.obj
 0001:00096c30       ssCloneAndAddZcSignalInfo  0000000180097c30 f   ArregloSeisPorSeis_sfun_registry.obj
 0001:00096ca0       ssGetNumZcSignals          0000000180097ca0 f   ArregloSeisPorSeis_sfun_registry.obj
 0001:00096d10       ssGetZcSignalVector        0000000180097d10 f   ArregloSeisPorSeis_sfun_registry.obj
 0001:00096d80       ssGetZcSignalZcEvents      0000000180097d80 f   ArregloSeisPorSeis_sfun_registry.obj
 0001:00096df0       ssGetZcSignalName          0000000180097df0 f   ArregloSeisPorSeis_sfun_registry.obj
 0001:00096e60       ssGetZcSignalWidth         0000000180097e60 f   ArregloSeisPorSeis_sfun_registry.obj
 0001:00096ed0       ssGetZcSignalZcEventType   0000000180097ed0 f   ArregloSeisPorSeis_sfun_registry.obj
 0001:00096f40       ssGetZcSignalType          0000000180097f40 f   ArregloSeisPorSeis_sfun_registry.obj
 0001:00096fb0       ssGetZcSignalZcTol         0000000180097fb0 f   ArregloSeisPorSeis_sfun_registry.obj
 0001:00097030       ssGetZcSignalNeedsEventNotification 0000000180098030 f   ArregloSeisPorSeis_sfun_registry.obj
 0001:000970a0       ssGetZcSignalIsZcElementDisc 00000001800980a0 f   ArregloSeisPorSeis_sfun_registry.obj
 0001:00097140       ssGetIsInputPortElementContinuous 0000000180098140 f   ArregloSeisPorSeis_sfun_registry.obj
 0001:000971e0       _ssGetInputPortSignalPtrsFcn 00000001800981e0 f   ArregloSeisPorSeis_sfun_registry.obj
 0001:000974a0       _ssGetInputPortSignalFcn   00000001800984a0 f   ArregloSeisPorSeis_sfun_registry.obj
 0001:000976c0       _ssSetInputPortDirectFeedThroughFcn 00000001800986c0 f   ArregloSeisPorSeis_sfun_registry.obj
 0001:00097820       _ssSetInputPortReusableFcn 0000000180098820 f   ArregloSeisPorSeis_sfun_registry.obj
 0001:00097910       _ssSetOutputPortReusableFcn 0000000180098910 f   ArregloSeisPorSeis_sfun_registry.obj
 0001:000979f0       ssGetDTypeIdFromMxArray    00000001800989f0 f   ArregloSeisPorSeis_sfun_registry.obj
 0001:00097b10       ssWriteRTWStr              0000000180098b10 f   ArregloSeisPorSeis_sfun_registry.obj
 0001:00097b70       ssWriteRTWMxVectParam      0000000180098b70 f   ArregloSeisPorSeis_sfun_registry.obj
 0001:00097bd0       ssWriteRTWMx2dMatParam     0000000180098bd0 f   ArregloSeisPorSeis_sfun_registry.obj
 0001:00097c50       ssWriteRTWNameValuePair    0000000180098c50 f   ArregloSeisPorSeis_sfun_registry.obj
 0001:00098140       ssWriteRTWParameters       0000000180099140 f   ArregloSeisPorSeis_sfun_registry.obj
 0001:00098740       ssWriteRTWParamSettings    0000000180099740 f   ArregloSeisPorSeis_sfun_registry.obj
 0001:00098e10       ssWriteRTWWorkVect         0000000180099e10 f   ArregloSeisPorSeis_sfun_registry.obj
 0001:00099310       mexFunction                000000018009a310 f   ArregloSeisPorSeis_sfun_registry.obj
 0001:0009af50       ProcessMexSfunctionEveryCall 000000018009bf50 f   ArregloSeisPorSeis_sfun_registry.obj
 0001:0009b0c0       ArregloSeisPorSeis_initializer 000000018009c0c0 f   ArregloSeisPorSeis_sfun.obj
 0001:0009b0d0       ArregloSeisPorSeis_terminator 000000018009c0d0 f   ArregloSeisPorSeis_sfun.obj
 0001:0009b0e0       sf_ArregloSeisPorSeis_method_dispatcher 000000018009c0e0 f   ArregloSeisPorSeis_sfun.obj
 0001:0009b610       sf_ArregloSeisPorSeis_process_check_sum_call 000000018009c610 f   ArregloSeisPorSeis_sfun.obj
 0001:0009bce0       sf_ArregloSeisPorSeis_autoinheritance_info 000000018009cce0 f   ArregloSeisPorSeis_sfun.obj
 0001:0009c890       sf_ArregloSeisPorSeis_get_eml_resolved_functions_info 000000018009d890 f   ArregloSeisPorSeis_sfun.obj
 0001:0009d200       ArregloSeisPorSeis_debug_initialize 000000018009e200 f   ArregloSeisPorSeis_sfun.obj
 0001:0009d270       ArregloSeisPorSeis_register_exported_symbols 000000018009e270 f   ArregloSeisPorSeis_sfun.obj
 0001:0009d280       load_ArregloSeisPorSeis_optimization_info 000000018009e280 f   ArregloSeisPorSeis_sfun.obj
 0001:0009d2d0       unload_ArregloSeisPorSeis_optimization_info 000000018009e2d0 f   ArregloSeisPorSeis_sfun.obj
 0001:0009d3a0       sf_mex_mx_is_numeric       000000018009e3a0 f   sfc_mex:sfc_mex.obj
 0001:0009d3e0       strcmp_ignore_ws           000000018009e3e0 f   sfc_mex:sfc_mex.obj
 0001:0009d520       sf_mex_duplicatearraysafe  000000018009e520 f   sfc_mex:sfc_mex.obj
 0001:0009d680       sf_set_error_debugger_context_message_fcn 000000018009e680 f   sfc_mex:sfc_mex.obj
 0001:0009d690       sf_set_debugger_matlab_error_fcn 000000018009e690 f   sfc_mex:sfc_mex.obj
 0001:0009d6c0       sf_set_error_prefix_string 000000018009e6c0 f   sfc_mex:sfc_mex.obj
 0001:0009d6f0       sf_get_error_prefix_string 000000018009e6f0 f   sfc_mex:sfc_mex.obj
 0001:0009d700       sf_mex_enter_parallel_region 000000018009e700 f   sfc_mex:sfc_mex.obj
 0001:0009d710       sf_mex_exit_parallel_region 000000018009e710 f   sfc_mex:sfc_mex.obj
 0001:0009d720       sf_get_current_jmp_buf_ptr 000000018009e720 f   sfc_mex:sfc_mex.obj
 0001:0009d730       sf_set_current_jmp_buf_ptr 000000018009e730 f   sfc_mex:sfc_mex.obj
 0001:0009d740       sf_mex_set_halt_simulation 000000018009e740 f   sfc_mex:sfc_mex.obj
 0001:0009d750       sf_mex_get_halt_simulation 000000018009e750 f   sfc_mex:sfc_mex.obj
 0001:0009d760       sf_mex_clear_error_message 000000018009e760 f   sfc_mex:sfc_mex.obj
 0001:0009d780       sf_mex_get_error_message_for_read 000000018009e780 f   sfc_mex:sfc_mex.obj
 0001:0009d790       sf_mex_get_error_message_buffer_length 000000018009e790 f   sfc_mex:sfc_mex.obj
 0001:0009d870       sf_mex_warning_message     000000018009e870 f   sfc_mex:sfc_mex.obj
 0001:0009d8e0       sf_mex_v_errbuf_createf    000000018009e8e0 f   sfc_mex:sfc_mex.obj
 0001:0009d8f0       sf_mex_errbuf_createf      000000018009e8f0 f   sfc_mex:sfc_mex.obj
 0001:0009d920       sf_mex_v_errbuf_catf       000000018009e920 f   sfc_mex:sfc_mex.obj
 0001:0009d960       sf_mex_errbuf_catf         000000018009e960 f   sfc_mex:sfc_mex.obj
 0001:0009d9b0       sf_mex_errbuf_copy         000000018009e9b0 f   sfc_mex:sfc_mex.obj
 0001:0009d9c0       sf_mex_errbuf_clear        000000018009e9c0 f   sfc_mex:sfc_mex.obj
 0001:0009d9d0       sf_mex_errbuf_isempty      000000018009e9d0 f   sfc_mex:sfc_mex.obj
 0001:0009dae0       sf_mex_set_error_status    000000018009eae0 f   sfc_mex:sfc_mex.obj
 0001:0009db30       sf_mex_error_direct_call   000000018009eb30 f   sfc_mex:sfc_mex.obj
 0001:0009db50       sf_mex_error_message_no_long_jump 000000018009eb50 f   sfc_mex:sfc_mex.obj
 0001:0009db70       sf_mex_long_jump_on_error  000000018009eb70 f   sfc_mex:sfc_mex.obj
 0001:0009dba0       sf_mex_call_matlab         000000018009eba0 f   sfc_mex:sfc_mex.obj
 0001:0009dcc0       sf_mex_check_builtin       000000018009ecc0 f   sfc_mex:sfc_mex.obj
 0001:0009dd00       sf_mex_check_builtin_vs    000000018009ed00 f   sfc_mex:sfc_mex.obj
 0001:0009dd60       sf_mex_check_enum          000000018009ed60 f   sfc_mex:sfc_mex.obj
 0001:0009dd90       sf_mex_create_enum         000000018009ed90 f   sfc_mex:sfc_mex.obj
 0001:0009ddb0       sf_mex_get_enum_element    000000018009edb0 f   sfc_mex:sfc_mex.obj
 0001:0009ddc0       sf_mex_createcellarray     000000018009edc0 f   sfc_mex:sfc_mex.obj
 0001:0009ddd0       sf_mex_setcell             000000018009edd0 f   sfc_mex:sfc_mex.obj
 0001:0009dde0       sf_mex_getcell             000000018009ede0 f   sfc_mex:sfc_mex.obj
 0001:0009ddf0       sf_mex_dup                 000000018009edf0 f   sfc_mex:sfc_mex.obj
 0001:0009de10       sf_mex_assign              000000018009ee10 f   sfc_mex:sfc_mex.obj
 0001:0009de90       sf_mex_destroy             000000018009ee90 f   sfc_mex:sfc_mex.obj
 0001:0009dec0       mx_array_has_fi_type       000000018009eec0 f   sfc_mex:sfc_mex.obj
 0001:0009def0       sf_mex_convert_from_fi     000000018009eef0 f   sfc_mex:sfc_mex.obj
 0001:0009dfa0       sf_mex_convert_to_double   000000018009efa0 f   sfc_mex:sfc_mex.obj
 0001:0009e0c0       sf_mex_import_fi_vs        000000018009f0c0 f   sfc_mex:sfc_mex.obj
 0001:0009e280       sf_matrix_matrix_index_ok  000000018009f280 f   sfc_mex:sfc_mex.obj
 0001:0009e310       sf_vector_vector_index_ok  000000018009f310 f   sfc_mex:sfc_mex.obj
 0001:0009e340       ssGetCurrentInputPortDimensions_wrapper 000000018009f340 f   sfc_mex:sfc_mex.obj
 0001:0009e360       ssGetCurrentOutputPortDimensions_wrapper 000000018009f360 f   sfc_mex:sfc_mex.obj
 0001:0009e380       sf_mex_emlrt_context_is_debug_mode 000000018009f380 f   sfc_mex:sfc_mex.obj
 0001:0009e390       sf_mex_emlrt_context_set_debug_mode 000000018009f390 f   sfc_mex:sfc_mex.obj
 0001:0009e3a0       sf_mex_emlrtNameCapturePostProcessR2012a 000000018009f3a0 f   sfc_mex:sfc_mex.obj
 0001:0009e410       sf_clear_error_manager_info 000000018009f410 f   sfc_mex:sfc_mex.obj
 0001:0009e470       sf_mex_stop_simulation_abruptly_wo_error 000000018009f470 f   sfc_mex:sfc_mex.obj
 0001:0009e4b0       sf_mex_error_message       000000018009f4b0 f   sfc_mex:sfc_mex.obj
 0001:0009e510       sf_react_to_error_in_matlab_call 000000018009f510 f   sfc_mex:sfc_mex.obj
 0001:0009e540       sf_mex_addfield            000000018009f540 f   sfc_mex:sfc_mex.obj
 0001:0009e5e0       sf_mex_getfield            000000018009f5e0 f   sfc_mex:sfc_mex.obj
 0001:0009e8e0       sf_mex_check_class         000000018009f8e0 f   sfc_mex:sfc_mex.obj
 0001:0009e980       sf_mex_is_real             000000018009f980 f   sfc_mex:sfc_mex.obj
 0001:0009edf0       sf_mex_decode_encoded_mx_struct_array 000000018009fdf0 f   sfc_mex:sfc_mex.obj
 0001:0009f0d0       sf_mex_lw_bounds_check     00000001800a00d0 f   sfc_mex:sfc_mex.obj
 0001:0009f100       sf_mex_lw_size_eq_check_1d 00000001800a0100 f   sfc_mex:sfc_mex.obj
 0001:0009f120       sf_mex_lw_size_eq_check_nd 00000001800a0120 f   sfc_mex:sfc_mex.obj
 0001:0009f300       sf_mex_lw_dim_size_eq_check 00000001800a0300 f   sfc_mex:sfc_mex.obj
 0001:0009f330       sf_mex_lw_dim_size_geq_check 00000001800a0330 f   sfc_mex:sfc_mex.obj
 0001:0009f360       sf_mex_lw_sub_assign_size_check_nd 00000001800a0360 f   sfc_mex:sfc_mex.obj
 0001:0009f590       sf_mex_lw_runtime_error_msgid 00000001800a0590 f   sfc_mex:sfc_mex.obj
 0001:0009f680       sf_mex_lw_matrix_matrix_index_check 00000001800a0680 f   sfc_mex:sfc_mex.obj
 0001:0009f6a0       sf_mex_lw_vector_vector_index_check 00000001800a06a0 f   sfc_mex:sfc_mex.obj
 0001:0009f6e0       sf_mex_lw_for_loop_vector_check 00000001800a06e0 f   sfc_mex:sfc_mex.obj
 0001:0009f760       sf_mex_lw_non_negative_check 00000001800a0760 f   sfc_mex:sfc_mex.obj
 0001:0009f7a0       sf_mex_overflow_error      00000001800a07a0 f   sfc_mex:sfc_mex.obj
 0001:0009f7b0       sf_mex_dividebyzero_error  00000001800a07b0 f   sfc_mex:sfc_mex.obj
 0001:0009f7c0       sf_mex_unsafe_enum_error   00000001800a07c0 f   sfc_mex:sfc_mex.obj
 0001:0009f7d0       sf_emlrtErrHandler         00000001800a07d0 f   sfc_mex:sfc_mex.obj
 0001:0009f8b0       sf_mex_size_one_check      00000001800a08b0 f   sfc_mex:sfc_mex.obj
 0001:0009f8d0       sf_mex_printf              00000001800a08d0 f   sfc_mex:sfc_mex.obj
 0001:0009faa0       sf_mex_check_size          00000001800a0aa0 f   sfc_mex:sfc_mex.obj
 0001:0009fd70       sf_mex_check_struct        00000001800a0d70 f   sfc_mex:sfc_mex.obj
 0001:0009ffd0       sf_mex_check_struct_vs     00000001800a0fd0 f   sfc_mex:sfc_mex.obj
 0001:000a0060       sf_mex_check_fi            00000001800a1060 f   sfc_mex:sfc_mex.obj
 0001:000a0160       sf_mex_check_fi_vs         00000001800a1160 f   sfc_mex:sfc_mex.obj
 0001:000a0200       sf_echo_expression         00000001800a1200 f   sfc_mex:sfc_mex.obj
 0001:000a0260       sf_assertion_failed        00000001800a1260 f   sfc_mex:sfc_mex.obj
 0001:000a0540       sf_mex_evalin              00000001800a1540 f   sfc_mex:sfc_mex.obj
 0001:000a07b0       sf_mex_export              00000001800a17b0 f   sfc_mex:sfc_mex.obj
 0001:000a0870       sf_mex_get_ml_var_no_error 00000001800a1870 f   sfc_mex:sfc_mex.obj
 0001:000a0a10       sf_mex_get_ml_var          00000001800a1a10 f   sfc_mex:sfc_mex.obj
 0001:000a0eb0       ml_set_element_value_in_array 00000001800a1eb0 f   sfc_mex:sfc_mex.obj
 0001:000a2580       sf_mex_call_impl           00000001800a3580 f   sfc_mex:sfc_mex.obj
 0001:000a2ab0       sf_mex_call_debug          00000001800a3ab0 f   sfc_mex:sfc_mex.obj
 0001:000a2ae0       sf_mex_call                00000001800a3ae0 f   sfc_mex:sfc_mex.obj
 0001:000a3130       sf_mex_createstruct        00000001800a4130 f   sfc_mex:sfc_mex.obj
 0001:000a3220       sf_mex_createstructarray   00000001800a4220 f   sfc_mex:sfc_mex.obj
 0001:000a32a0       sf_mex_get_mx_datatype_from_sf_datatype 00000001800a42a0 f   sfc_mex:sfc_mex.obj
 0001:000a35b0       sf_mex_ml_var_sub          00000001800a45b0 f   sfc_mex:sfc_mex.obj
 0001:000a3780       sf_mex_ml_var_subsasgn     00000001800a4780 f   sfc_mex:sfc_mex.obj
 0001:000a3b70       sf_mex_sub                 00000001800a4b70 f   sfc_mex:sfc_mex.obj
 0001:000a3d70       sf_mex_subsasgn            00000001800a4d70 f   sfc_mex:sfc_mex.obj
 0001:000a4250       sf_mex_create              00000001800a5250 f   sfc_mex:sfc_mex.obj
 0001:000a4ca0       sf_mex_import_named        00000001800a5ca0 f   sfc_mex:sfc_mex.obj
 0001:000a4d00       sf_mex_import              00000001800a5d00 f   sfc_mex:sfc_mex.obj
 0001:000a4d50       sf_mex_import_vs           00000001800a5d50 f   sfc_mex:sfc_mex.obj
 0001:000a4e60       sf_mex_lower_fixpt_mx_array 00000001800a5e60 f   sfc_mex:sfc_mex.obj
 0001:000a5150       sf_send_message_wrapper    00000001800a6150 f   sfc_mex:sfc_sf.obj
 0001:000a5180       sf_receive_message_wrapper 00000001800a6180 f   sfc_mex:sfc_sf.obj
 0001:000a51c0       sf_check_out_message_wrapper 00000001800a61c0 f   sfc_mex:sfc_sf.obj
 0001:000a5200       sf_check_in_message_wrapper 00000001800a6200 f   sfc_mex:sfc_sf.obj
 0001:000a5240       sf_no_message_wrapper      00000001800a6240 f   sfc_mex:sfc_sf.obj
 0001:000a55d0       sim_mode_is_rtw_gen        00000001800a65d0 f   sfc_mex:sfc_sf.obj
 0001:000a5600       sim_mode_is_external       00000001800a6600 f   sfc_mex:sfc_sf.obj
 0001:000a5610       sim_mode_is_modelref_sim   00000001800a6610 f   sfc_mex:sfc_sf.obj
 0001:000a5630       mdlInitializeSizes         00000001800a6630 f   sfc_mex:sfc_sf.obj
 0001:000a5650       mdlInitializeSampleTimes   00000001800a6650 f   sfc_mex:sfc_sf.obj
 0001:000a5690       mdlZeroCrossings           00000001800a6690 f   sfc_mex:sfc_sf.obj
 0001:000a5770       mdlDerivatives             00000001800a6770 f   sfc_mex:sfc_sf.obj
 0001:000a5820       mdl_initialize_conditions_processing 00000001800a6820 f   sfc_mex:sfc_sf.obj
 0001:000a5850       mdlInitializeConditions    00000001800a6850 f   sfc_mex:sfc_sf.obj
 0001:000a5910       mdlGetSimState             00000001800a6910 f   sfc_mex:sfc_sf.obj
 0001:000a5920       mdlSetSimState             00000001800a6920 f   sfc_mex:sfc_sf.obj
 0001:000a5930       mdl_ext_mode_exec_processing 00000001800a6930 f   sfc_mex:sfc_sf.obj
 0001:000a5950       mdlExtModeExec             00000001800a6950 f   sfc_mex:sfc_sf.obj
 0001:000a5ae0       mdlTerminate               00000001800a6ae0 f   sfc_mex:sfc_sf.obj
 0001:000a5b50       mdlRTW                     00000001800a6b50 f   sfc_mex:sfc_sf.obj
 0001:000a5b80       mdlSetWorkWidths           00000001800a6b80 f   sfc_mex:sfc_sf.obj
 0001:000a5b90       mdlProcessParameters       00000001800a6b90 f   sfc_mex:sfc_sf.obj
 0001:000a5ba0       mdl_start_processing       00000001800a6ba0 f   sfc_mex:sfc_sf.obj
 0001:000a5be0       mdlStart                   00000001800a6be0 f   sfc_mex:sfc_sf.obj
 0001:000a5cd0       mdlEnable                  00000001800a6cd0 f   sfc_mex:sfc_sf.obj
 0001:000a5da0       mdlDisable                 00000001800a6da0 f   sfc_mex:sfc_sf.obj
 0001:000a5e50       sf_get_chart_instance_ptr  00000001800a6e50 f   sfc_mex:sfc_sf.obj
 0001:000a5e70       sf_load_rtw_optimization_info 00000001800a6e70 f   sfc_mex:sfc_sf.obj
 0001:000a5f40       sf_rtw_info_uint_prop      00000001800a6f40 f   sfc_mex:sfc_sf.obj
 0001:000a6080       sf_is_chart_inlinable      00000001800a7080 f   sfc_mex:sfc_sf.obj
 0001:000a60a0       sf_mark_output_events_with_multiple_callers 00000001800a70a0 f   sfc_mex:sfc_sf.obj
 0001:000a6230       sf_mark_chart_reusable_outputs 00000001800a7230 f   sfc_mex:sfc_sf.obj
 0001:000a6490       sf_mark_chart_expressionable_inputs 00000001800a7490 f   sfc_mex:sfc_sf.obj
 0001:000a66f0       sf_get_subchart_simstruct  00000001800a76f0 f   sfc_mex:sfc_sf.obj
 0001:000a6740       sf_get_fixpt_data_type_id  00000001800a7740 f   sfc_mex:sfc_sf.obj
 0001:000a6780       sf_get_enum_data_type_id   00000001800a7780 f   sfc_mex:sfc_sf.obj
 0001:000a67c0       sf_get_param_data_type_id  00000001800a77c0 f   sfc_mex:sfc_sf.obj
 0001:000a67f0       sf_mex_listen_for_ctrl_c_force 00000001800a77f0 f   sfc_mex:sfc_sf.obj
 0001:000a6900       sf_mex_draw_now            00000001800a7900 f   sfc_mex:sfc_sf.obj
 0001:000a6940       sf_mex_set_debugger_sim_status_listener_fcn 00000001800a7940 f   sfc_mex:sfc_sf.obj
 0001:000a6950       sf_mex_listen_for_ctrl_c   00000001800a7950 f   sfc_mex:sfc_sf.obj
 0001:000a69e0       sf_mex_get_sfun_param      00000001800a79e0 f   sfc_mex:sfc_sf.obj
 0001:000a6a30       sf_get_runtime_param_data  00000001800a7a30 f   sfc_mex:sfc_sf.obj
 0001:000a6a70       sf_call_output_fcn_call    00000001800a7a70 f   sfc_mex:sfc_sf.obj
 0001:000a6bb0       sf_call_output_fcn_enable  00000001800a7bb0 f   sfc_mex:sfc_sf.obj
 0001:000a6c40       sf_call_output_fcn_disable 00000001800a7c40 f   sfc_mex:sfc_sf.obj
 0001:000a6cd0       sf_clear_rtw_identifier    00000001800a7cd0 f   sfc_mex:sfc_sf.obj
 0001:000a74c0       sf_set_encoded_dwork_info  00000001800a84c0 f   sfc_mex:sfc_sf.obj
 0001:000a7510       sf_get_dwork_info_from_mat_file 00000001800a8510 f   sfc_mex:sfc_sf.obj
 0001:000a76d0       sf_set_rtw_dwork_info      00000001800a86d0 f   sfc_mex:sfc_sf.obj
 0001:000a7840       mdlOutputs                 00000001800a8840 f   sfc_mex:sfc_sf.obj
 0001:000a79e0       sf_debug_disp              00000001800a89e0 f   sfc_debug:sfcdebug.obj
 0001:000a7c40       sf_debug_data_runtime_size_mismatch_error_check 00000001800a8c40 f   sfc_debug:sfcdebug.obj
 0001:000a7ce0       sf_debug_try_loading_machine 00000001800a8ce0 f   sfc_debug:sfcdebug.obj
 0001:000a7de0       sf_debug_reset_current_state_configuration 00000001800a8de0 f   sfc_debug:sfcdebug.obj
 0001:000a7e70       sf_debug_store_current_state_configuration 00000001800a8e70 f   sfc_debug:sfcdebug.obj
 0001:000a7f00       sf_debug_restore_previous_state_configuration 00000001800a8f00 f   sfc_debug:sfcdebug.obj
 0001:000a7f90       sf_debug_restore_previous_state_configuration2 00000001800a8f90 f   sfc_debug:sfcdebug.obj
 0001:000a8020       sf_debug_get_event_scope   00000001800a9020 f   sfc_debug:sfcdebug.obj
 0001:000a8190       use_debugger_step_animation 00000001800a9190 f   sfc_debug:sfcdebug.obj
 0001:000a81b0       sf_debug_get_script_id     00000001800a91b0 f   sfc_debug:sfcdebug.obj
 0001:000a8240       sf_debug_set_script_translation 00000001800a9240 f   sfc_debug:sfcdebug.obj
 0001:000a83c0       sf_debug_extract_message_post_receive_info 00000001800a93c0 f   sfc_debug:sfcdebug.obj
 0001:000a84c0       sf_debug_get_current_machine_id 00000001800a94c0 f   sfc_debug:sfcdebug.obj
 0001:000a84e0       sf_debug_get_current_optional_integer 00000001800a94e0 f   sfc_debug:sfcdebug.obj
 0001:000a84f0       sf_debug_get_current_machine_number 00000001800a94f0 f   sfc_debug:sfcdebug.obj
 0001:000a8510       sf_debug_get_current_machine_name 00000001800a9510 f   sfc_debug:sfcdebug.obj
 0001:000a8530       sf_debug_get_current_chart_id 00000001800a9530 f   sfc_debug:sfcdebug.obj
 0001:000a8580       sf_debug_get_current_chart_number 00000001800a9580 f   sfc_debug:sfcdebug.obj
 0001:000a8590       sf_debug_get_current_instance_number 00000001800a9590 f   sfc_debug:sfcdebug.obj
 0001:000a85a0       sf_debug_get_current_is_minor_time_step 00000001800a95a0 f   sfc_debug:sfcdebug.obj
 0001:000a8620       sf_debug_get_current_object_type 00000001800a9620 f   sfc_debug:sfcdebug.obj
 0001:000a8630       sf_debug_get_current_instance_handle 00000001800a9630 f   sfc_debug:sfcdebug.obj
 0001:000a8690       sf_debug_get_current_event_type 00000001800a9690 f   sfc_debug:sfcdebug.obj
 0001:000a86a0       sf_debug_get_current_object_id 00000001800a96a0 f   sfc_debug:sfcdebug.obj
 0001:000a86e0       sf_debug_get_current_active_event_type 00000001800a96e0 f   sfc_debug:sfcdebug.obj
 0001:000a86f0       sf_debug_get_current_active_event_id 00000001800a96f0 f   sfc_debug:sfcdebug.obj
 0001:000a8730       sf_debug_get_current_tag_type 00000001800a9730 f   sfc_debug:sfcdebug.obj
 0001:000a8740       sf_debug_get_current_simulation_time 00000001800a9740 f   sfc_debug:sfcdebug.obj
 0001:000a8750       sf_debug_get_current_coverage_percentage 00000001800a9750 f   sfc_debug:sfcdebug.obj
 0001:000a8760       sf_debug_current_statement_context 00000001800a9760 f   sfc_debug:sfcdebug.obj
 0001:000a87f0       sf_debug_get_current_statement_info 00000001800a97f0 f   sfc_debug:sfcdebug.obj
 0001:000a8970       sf_debug_terminate_instance 00000001800a9970 f   sfc_debug:sfcdebug.obj
 0001:000a8cb0       sf_debug_assertion_failed  00000001800a9cb0 f   sfc_debug:sfcdebug.obj
 0001:000a8e60       sf_debug_set_number_of_data_with_change_event_for_machine 00000001800a9e60 f   sfc_debug:sfcdebug.obj
 0001:000a8ea0       sf_debug_set_machine_event_thresholds 00000001800a9ea0 f   sfc_debug:sfcdebug.obj
 0001:000a8ec0       sf_debug_set_machine_event_scope 00000001800a9ec0 f   sfc_debug:sfcdebug.obj
 0001:000a8f00       sf_debug_set_machine_data_thresholds 00000001800a9f00 f   sfc_debug:sfcdebug.obj
 0001:000a8f40       sf_debug_set_machine_data_scope 00000001800a9f40 f   sfc_debug:sfcdebug.obj
 0001:000a8fd0       sf_debug_set_machine_data_name 00000001800a9fd0 f   sfc_debug:sfcdebug.obj
 0001:000a9070       sf_debug_set_machine_data_size 00000001800aa070 f   sfc_debug:sfcdebug.obj
 0001:000a91b0       sf_debug_set_machine_data_type 00000001800aa1b0 f   sfc_debug:sfcdebug.obj
 0001:000a9320       sf_debug_get_chart_data_number 00000001800aa320 f   sfc_debug:sfcdebug.obj
 0001:000a9340       sf_debug_get_chart_event_number 00000001800aa340 f   sfc_debug:sfcdebug.obj
 0001:000a9360       sf_debug_set_chart_state_info 00000001800aa360 f   sfc_debug:sfcdebug.obj
 0001:000a93e0       sf_debug_set_chart_decomposition 00000001800aa3e0 f   sfc_debug:sfcdebug.obj
 0001:000a9450       sf_debug_set_chart_substate_count 00000001800aa450 f   sfc_debug:sfcdebug.obj
 0001:000a9530       sf_debug_set_chart_substate_index 00000001800aa530 f   sfc_debug:sfcdebug.obj
 0001:000a95a0       sf_debug_set_chart_state_substate_count 00000001800aa5a0 f   sfc_debug:sfcdebug.obj
 0001:000a96b0       sf_debug_set_chart_state_substate_index 00000001800aa6b0 f   sfc_debug:sfcdebug.obj
 0001:000a9730       sf_debug_set_number_of_data_with_change_event_for_chart 00000001800aa730 f   sfc_debug:sfcdebug.obj
 0001:000a97b0       sf_debug_set_number_of_states_with_entry_event_for_chart 00000001800aa7b0 f   sfc_debug:sfcdebug.obj
 0001:000a9820       sf_debug_set_number_of_states_with_exit_event_for_chart 00000001800aa820 f   sfc_debug:sfcdebug.obj
 0001:000a9890       sf_debug_set_chart_disable_implicit_casting 00000001800aa890 f   sfc_debug:sfcdebug.obj
 0001:000a9900       sf_debug_set_chart_event_thresholds 00000001800aa900 f   sfc_debug:sfcdebug.obj
 0001:000a9970       sf_debug_set_chart_data_compiled_props 00000001800aa970 f   sfc_debug:sfcdebug.obj
 0001:000a9cc0       sf_debug_set_chart_data_props 00000001800aacc0 f   sfc_debug:sfcdebug.obj
 0001:000a9fe0       sf_debug_check_fi_license  00000001800aafe0 f   sfc_debug:sfcdebug.obj
 0001:000aa1d0       sf_debug_symbol_scope_push 00000001800ab1d0 f   sfc_debug:sfcdebug.obj
 0001:000aa210       sf_debug_symbol_scope_push_eml 00000001800ab210 f   sfc_debug:sfcdebug.obj
 0001:000aa260       sf_debug_symbol_scope_pop  00000001800ab260 f   sfc_debug:sfcdebug.obj
 0001:000aa2a0       sf_debug_symbol_scope_add_importable 00000001800ab2a0 f   sfc_debug:sfcdebug.obj
 0001:000aa320       sf_debug_symbol_scope_add  00000001800ab320 f   sfc_debug:sfcdebug.obj
 0001:000aa3a0       sf_debug_symbol_scope_add_dyn_importable 00000001800ab3a0 f   sfc_debug:sfcdebug.obj
 0001:000aa460       sf_debug_symbol_scope_add_dyn 00000001800ab460 f   sfc_debug:sfcdebug.obj
 0001:000aa490       sf_debug_symbol_scope_add_eml_importable 00000001800ab490 f   sfc_debug:sfcdebug.obj
 0001:000aa4d0       sf_debug_symbol_scope_add_eml 00000001800ab4d0 f   sfc_debug:sfcdebug.obj
 0001:000aa510       sf_debug_symbol_scope_add_eml_dyn_importable 00000001800ab510 f   sfc_debug:sfcdebug.obj
 0001:000aa580       sf_debug_symbol_scope_add_eml_dyn 00000001800ab580 f   sfc_debug:sfcdebug.obj
 0001:000aa5e0       sf_debug_symbol_switch     00000001800ab5e0 f   sfc_debug:sfcdebug.obj
 0001:000aa600       sf_debug_symbol_scope_add_verbose 00000001800ab600 f   sfc_debug:sfcdebug.obj
 0001:000aa6d0       sf_debug_set_machine_data_value_ptr 00000001800ab6d0 f   sfc_debug:sfcdebug.obj
 0001:000aa710       sf_debug_set_instance_data_value_ptr 00000001800ab710 f   sfc_debug:sfcdebug.obj
 0001:000aa7d0       sf_debug_unset_instance_data_value_ptr 00000001800ab7d0 f   sfc_debug:sfcdebug.obj
 0001:000aa880       sf_debug_set_chart_event_scope 00000001800ab880 f   sfc_debug:sfcdebug.obj
 0001:000aa900       sf_debug_set_chart_transition_coverage_maps 00000001800ab900 f   sfc_debug:sfcdebug.obj
 0001:000aaa10       sf_debug_set_chart_state_coverage_maps 00000001800aba10 f   sfc_debug:sfcdebug.obj
 0001:000aaaf0       sf_debug_set_instance_transition_coverage_weights 00000001800abaf0 f   sfc_debug:sfcdebug.obj
 0001:000aab90       sf_debug_set_instance_state_coverage_weights 00000001800abb90 f   sfc_debug:sfcdebug.obj
 0001:000aade0       sf_debug_unload_machine    00000001800abde0 f   sfc_debug:sfcdebug.obj
 0001:000aae30       sf_debug_load_machine      00000001800abe30 f   sfc_debug:sfcdebug.obj
 0001:000aaf30       sf_debug_set_active_instance_in_data_dictionary 00000001800abf30 f   sfc_debug:sfcdebug.obj
 0001:000ab110       sf_debug_set_active_instance 00000001800ac110 f   sfc_debug:sfcdebug.obj
 0001:000ab250       sf_debug_chart_visiblity_change 00000001800ac250 f   sfc_debug:sfcdebug.obj
 0001:000ab330       sf_debug_select_chart      00000001800ac330 f   sfc_debug:sfcdebug.obj
 0001:000ab400       sf_debug_set_instance_cv_ids 00000001800ac400 f   sfc_debug:sfcdebug.obj
 0001:000ab710       sf_debug_select_charts     00000001800ac710 f   sfc_debug:sfcdebug.obj
 0001:000ab850       sf_debug_initialized       00000001800ac850 f   sfc_debug:sfcdebug.obj
 0001:000ab860       sf_debug_is_uninterruptible 00000001800ac860 f   sfc_debug:sfcdebug.obj
 0001:000ab890       sf_debug_initialize_debugger_gui 00000001800ac890 f   sfc_debug:sfcdebug.obj
 0001:000abc80       sf_debug_resume            00000001800acc80 f   sfc_debug:sfcdebug.obj
 0001:000abca0       sf_debug_go                00000001800acca0 f   sfc_debug:sfcdebug.obj
 0001:000abcb0       sf_debug_break             00000001800accb0 f   sfc_debug:sfcdebug.obj
 0001:000abcc0       sf_debug_step_over         00000001800accc0 f   sfc_debug:sfcdebug.obj
 0001:000abcd0       sf_debug_step_out          00000001800accd0 f   sfc_debug:sfcdebug.obj
 0001:000abce0       sf_debug_set_disable_all_breakpoints 00000001800acce0 f   sfc_debug:sfcdebug.obj
 0001:000abcf0       sf_debug_disable_all_breakpoints_and_go 00000001800accf0 f   sfc_debug:sfcdebug.obj
 0001:000abd00       sf_debug_break_on_chart_entry 00000001800acd00 f   sfc_debug:sfcdebug.obj
 0001:000abd10       sf_debug_break_on_event_broadcast 00000001800acd10 f   sfc_debug:sfcdebug.obj
 0001:000abd20       sf_debug_break_on_state_entry 00000001800acd20 f   sfc_debug:sfcdebug.obj
 0001:000abd30       sf_debug_break_between_times 00000001800acd30 f   sfc_debug:sfcdebug.obj
 0001:000abd50       sf_debug_browse_data       00000001800acd50 f   sfc_debug:sfcdebug.obj
 0001:000abd70       sf_debug_watch_data        00000001800acd70 f   sfc_debug:sfcdebug.obj
 0001:000abd90       sf_debug_assign_data       00000001800acd90 f   sfc_debug:sfcdebug.obj
 0001:000abdb0       sf_debug_whos              00000001800acdb0 f   sfc_debug:sfcdebug.obj
 0001:000abdd0       sf_debug_get_consistency_info 00000001800acdd0 f   sfc_debug:sfcdebug.obj
 0001:000abde0       sf_debug_browse_trace      00000001800acde0 f   sfc_debug:sfcdebug.obj
 0001:000abdf0       sf_debug_set_breakpoints   00000001800acdf0 f   sfc_debug:sfcdebug.obj
 0001:000abf50       sf_debug_set_eml_breakpoints 00000001800acf50 f   sfc_debug:sfcdebug.obj
 0001:000ac0b0       sf_debug_set_script_breakpoints 00000001800ad0b0 f   sfc_debug:sfcdebug.obj
 0001:000ac130       sf_debug_add_script_breakpoints 00000001800ad130 f   sfc_debug:sfcdebug.obj
 0001:000ac1a0       sf_debug_clear_script_breakpoints 00000001800ad1a0 f   sfc_debug:sfcdebug.obj
 0001:000ac210       sf_debug_query_script_breakpoints 00000001800ad210 f   sfc_debug:sfcdebug.obj
 0001:000ac2d0       sf_debug_get_eml_script_id 00000001800ad2d0 f   sfc_debug:sfcdebug.obj
 0001:000ac320       sf_debug_set_watch         00000001800ad320 f   sfc_debug:sfcdebug.obj
 0001:000ac550       sf_debug_get_instance_handle 00000001800ad550 f   sfc_debug:sfcdebug.obj
 0001:000ac5e0       sf_debug_get_active_states 00000001800ad5e0 f   sfc_debug:sfcdebug.obj
 0001:000ac5f0       sf_debug_get_animation     00000001800ad5f0 f   sfc_debug:sfcdebug.obj
 0001:000ac600       sf_debug_set_animation     00000001800ad600 f   sfc_debug:sfcdebug.obj
 0001:000ac610       sf_debug_animate           00000001800ad610 f   sfc_debug:sfcdebug.obj
 0001:000ac640       sf_debug_cycle_detection_check 00000001800ad640 f   sfc_debug:sfcdebug.obj
 0001:000ac650       sf_debug_data_range_check  00000001800ad650 f   sfc_debug:sfcdebug.obj
 0001:000ac660       sf_debug_transition_conflict_check 00000001800ad660 f   sfc_debug:sfcdebug.obj
 0001:000ac670       sf_debug_state_consistency_check 00000001800ad670 f   sfc_debug:sfcdebug.obj
 0001:000ac680       sf_debug_data_range_check_enabled 00000001800ad680 f   sfc_debug:sfcdebug.obj
 0001:000ac6a0       sf_debug_transition_conflict_check_enabled 00000001800ad6a0 f   sfc_debug:sfcdebug.obj
 0001:000ac6c0       sf_debug_transition_conflict_check_begin 00000001800ad6c0 f   sfc_debug:sfcdebug.obj
 0001:000ac6e0       sf_debug_transition_conflict_check_end 00000001800ad6e0 f   sfc_debug:sfcdebug.obj
 0001:000ac700       sf_debug_stop_debugging    00000001800ad700 f   sfc_debug:sfcdebug.obj
 0001:000ac730       sf_debug_is_cycle_detected 00000001800ad730 f   sfc_debug:sfcdebug.obj
 0001:000ac740       sf_debug_is_array_bounds_detected 00000001800ad740 f   sfc_debug:sfcdebug.obj
 0001:000ac750       sf_debug_get_state_vectors_data_size 00000001800ad750 f   sfc_debug:sfcdebug.obj
 0001:000ac790       sf_debug_get_state_vectors_data 00000001800ad790 f   sfc_debug:sfcdebug.obj
 0001:000ac890       sf_debug_set_state_vectors_data 00000001800ad890 f   sfc_debug:sfcdebug.obj
 0001:000acb50       sf_debug_get_script_index  00000001800adb50 f   sfc_debug:sfcdebug.obj
 0001:000acce0       sf_debug_add_script        00000001800adce0 f   sfc_debug:sfcdebug.obj
 0001:000ace70       cv_eval_point              00000001800ade70 f   sfc_debug:sfcdebug.obj
 0001:000acfe0       cv_eval_testobjective      00000001800adfe0 f   sfc_debug:sfcdebug.obj
 0001:000ad100       sf_debug_cv_init_state     00000001800ae100 f   sfc_debug:sfcdebug.obj
 0001:000ad220       sf_debug_cv_init_chart     00000001800ae220 f   sfc_debug:sfcdebug.obj
 0001:000ad300       sf_debug_cv_init_trans     00000001800ae300 f   sfc_debug:sfcdebug.obj
 0001:000ad400       sf_debug_cv_init_testobjectives 00000001800ae400 f   sfc_debug:sfcdebug.obj
 0001:000ad5e0       cv_eml_init_script         00000001800ae5e0 f   sfc_debug:sfcdebug.obj
 0001:000ad6e0       cv_eml_init_fcn            00000001800ae6e0 f   sfc_debug:sfcdebug.obj
 0001:000ad790       cv_eml_init_testobjective  00000001800ae790 f   sfc_debug:sfcdebug.obj
 0001:000ad860       cv_eml_init_if             00000001800ae860 f   sfc_debug:sfcdebug.obj
 0001:000ad930       cv_eml_init_for            00000001800ae930 f   sfc_debug:sfcdebug.obj
 0001:000ad9f0       cv_eml_init_while          00000001800ae9f0 f   sfc_debug:sfcdebug.obj
 0001:000adab0       cv_eml_init_mcdc           00000001800aeab0 f   sfc_debug:sfcdebug.obj
 0001:000adbc0       cv_eml_init_switch         00000001800aebc0 f   sfc_debug:sfcdebug.obj
 0001:000adcb0       cv_eml_eval                00000001800aecb0 f   sfc_debug:sfcdebug.obj
 0001:000add90       sf_debug_bm_is_a_eml_breakpoint 00000001800aed90 f   sfc_debug:sfcdebug.obj
 0001:000adee0       sf_debug_temporal_threshold 00000001800aeee0 f   sfc_debug:sfcdebug.obj
 0001:000ae240       sf_debug_transition_conflict_error 00000001800af240 f   sfc_debug:sfcdebug.obj
 0001:000ae5c0       sf_debug_state_inconsistency_error 00000001800af5c0 f   sfc_debug:sfcdebug.obj
 0001:000ae6e0       sf_debug_check_for_state_inconsistency 00000001800af6e0 f   sfc_debug:sfcdebug.obj
 0001:000ae710       sf_debug_cycle_detecton_error 00000001800af710 f   sfc_debug:sfcdebug.obj
 0001:000aef00       sf_debug_size_eq_check_1d  00000001800aff00 f   sfc_debug:sfcdebug.obj
 0001:000aef20       sf_debug_size_eq_check_nd  00000001800aff20 f   sfc_debug:sfcdebug.obj
 0001:000af100       sf_debug_dim_size_eq_check 00000001800b0100 f   sfc_debug:sfcdebug.obj
 0001:000af130       sf_debug_dim_size_geq_check 00000001800b0130 f   sfc_debug:sfcdebug.obj
 0001:000af160       sf_debug_sub_assign_size_check_nd 00000001800b0160 f   sfc_debug:sfcdebug.obj
 0001:000af3a0       sf_debug_matrix_matrix_index_check 00000001800b03a0 f   sfc_debug:sfcdebug.obj
 0001:000af3d0       sf_debug_vector_vector_index_check 00000001800b03d0 f   sfc_debug:sfcdebug.obj
 0001:000af400       sf_debug_for_loop_vector_check 00000001800b0400 f   sfc_debug:sfcdebug.obj
 0001:000af480       sf_debug_runtime_error_msgid 00000001800b0480 f   sfc_debug:sfcdebug.obj
 0001:000af510       sf_debug_data_array_bounds_error_check 00000001800b0510 f   sfc_debug:sfcdebug.obj
 0001:000af620       sf_debug_eml_data_array_bounds_error_check 00000001800b0620 f   sfc_debug:sfcdebug.obj
 0001:000afb00       sf_debug_integer_check     00000001800b0b00 f   sfc_debug:sfcdebug.obj
 0001:000afbe0       sf_debug_not_nan_check     00000001800b0be0 f   sfc_debug:sfcdebug.obj
 0001:000afca0       sf_debug_non_negative_check 00000001800b0ca0 f   sfc_debug:sfcdebug.obj
 0001:000afd60       sf_debug_overflow_detection 00000001800b0d60 f   sfc_debug:sfcdebug.obj
 0001:000b0450       sf_debug_cast_to_real32_T  00000001800b1450 f   sfc_debug:sfcdebug.obj
 0001:000b0510       sf_debug_cast_to_int8_T    00000001800b1510 f   sfc_debug:sfcdebug.obj
 0001:000b05d0       sf_debug_cast_to_uint8_T   00000001800b15d0 f   sfc_debug:sfcdebug.obj
 0001:000b0690       sf_debug_cast_to_int16_T   00000001800b1690 f   sfc_debug:sfcdebug.obj
 0001:000b0750       sf_debug_cast_to_uint16_T  00000001800b1750 f   sfc_debug:sfcdebug.obj
 0001:000b0810       sf_debug_cast_to_int32_T   00000001800b1810 f   sfc_debug:sfcdebug.obj
 0001:000b08d0       sf_debug_cast_to_uint32_T  00000001800b18d0 f   sfc_debug:sfcdebug.obj
 0001:000b0990       sf_debug_data_range_error  00000001800b1990 f   sfc_debug:sfcdebug.obj
 0001:000b0ce0       sf_debug_read_before_write_check 00000001800b1ce0 f   sfc_debug:sfcdebug.obj
 0001:000b10d0       sf_debug_data_range_error_wrapper_min_max 00000001800b20d0 f   sfc_debug:sfcdebug.obj
 0001:000b11c0       sf_debug_data_range_error_wrapper_min 00000001800b21c0 f   sfc_debug:sfcdebug.obj
 0001:000b12a0       sf_debug_data_range_error_wrapper_max 00000001800b22a0 f   sfc_debug:sfcdebug.obj
 0001:000b1380       sf_debug_data_range_wrapper 00000001800b2380 f   sfc_debug:sfcdebug.obj
 0001:000b1430       sf_debug_set_current_status_info 00000001800b2430 f   sfc_debug:sfcdebug.obj
 0001:000b17e0       sf_debug_register_message_post_receive_info 00000001800b27e0 f   sfc_debug:sfcdebug.obj
 0001:000b1a50       sf_debug_call              00000001800b2a50 f   sfc_debug:sfcdebug.obj
 0001:000b2910       sf_debug_initialize_machine 00000001800b3910 f   sfc_debug:sfcdebug.obj
 0001:000b2c20       sf_debug_initialize_chart  00000001800b3c20 f   sfc_debug:sfcdebug.obj
 0001:000b3100       sf_debug_ensure_script     00000001800b4100 f   sfc_debug:sfcdebug.obj
 0001:000b31c0       cv_script_init_script      00000001800b41c0 f   sfc_debug:sfcdebug.obj
 0001:000b32a0       cv_script_init_fcn         00000001800b42a0 f   sfc_debug:sfcdebug.obj
 0001:000b3350       cv_script_init_testobjective 00000001800b4350 f   sfc_debug:sfcdebug.obj
 0001:000b3400       cv_script_init_if          00000001800b4400 f   sfc_debug:sfcdebug.obj
 0001:000b34b0       cv_script_init_for         00000001800b44b0 f   sfc_debug:sfcdebug.obj
 0001:000b3560       cv_script_init_while       00000001800b4560 f   sfc_debug:sfcdebug.obj
 0001:000b3610       cv_script_init_mcdc        00000001800b4610 f   sfc_debug:sfcdebug.obj
 0001:000b3710       cv_script_init_switch      00000001800b4710 f   sfc_debug:sfcdebug.obj
 0001:000b37f0       cv_script_eval             00000001800b47f0 f   sfc_debug:sfcdebug.obj
 0001:000b38d0       eml_debug_line_call        00000001800b48d0 f   sfc_debug:sfcdebug.obj
 0001:000b3a80       sf_debug_terminate         00000001800b4a80 f   sfc_debug:sfcdebug.obj
 0001:000b3bf0       sf_debug_set_script_cv_ids 00000001800b4bf0 f   sfc_debug:sfcdebug.obj
 0001:000b3d20       sf_debug_api               00000001800b4d20 f   sfc_debug:sfc_api.obj
 0001:000b5500       sf_debug_sm_terminate      00000001800b6500 f   sfc_debug:sfdb_animation.obj
 0001:000b56c0       sf_debug_reset_path_objects 00000001800b66c0 f   sfc_debug:sfdb_animation.obj
 0001:000b5740       sf_debug_sm_reset_object_selection_status 00000001800b6740 f   sfc_debug:sfdb_animation.obj
 0001:000b57e0       sf_debug_sm_reset_state_buffer 00000001800b67e0 f   sfc_debug:sfdb_animation.obj
 0001:000b58b0       sf_debug_sm_store_state_buffer 00000001800b68b0 f   sfc_debug:sfdb_animation.obj
 0001:000b5930       sf_debug_sm_restore_state_buffer1 00000001800b6930 f   sfc_debug:sfdb_animation.obj
 0001:000b59a0       sf_debug_sm_restore_state_buffer2 00000001800b69a0 f   sfc_debug:sfdb_animation.obj
 0001:000b5a10       sf_debug_sm_chart_active   00000001800b6a10 f   sfc_debug:sfdb_animation.obj
 0001:000b5a60       sf_debug_sm_select_active_objects 00000001800b6a60 f   sfc_debug:sfdb_animation.obj
 0001:000b5f10       sf_debug_sm_is_chart_active 00000001800b6f10 f   sfc_debug:sfdb_animation.obj
 0001:000b5f50       sf_debug_sm_is_state_active 00000001800b6f50 f   sfc_debug:sfdb_animation.obj
 0001:000b6190       sf_debug_sm_get_active_states 00000001800b7190 f   sfc_debug:sfdb_animation.obj
 0001:000b6750       sf_debug_sm_initialize_instance 00000001800b7750 f   sfc_debug:sfdb_animation.obj
 0001:000b69a0       sf_debug_sm_change_object_selection_status 00000001800b79a0 f   sfc_debug:sfdb_animation.obj
 0001:000b6c90       cv_create_interface        00000001800b7c90 f   sfc_debug:cv_sfinterface.obj
 0001:000b6ff0       cv_init_trans              00000001800b7ff0 f   sfc_debug:cv_sfinterface.obj
 0001:000b7040       cv_init_testobjective      00000001800b8040 f   sfc_debug:cv_sfinterface.obj
 0001:000b7080       cv_init_state              00000001800b8080 f   sfc_debug:cv_sfinterface.obj
 0001:000b70f0       cv_init_chart              00000001800b80f0 f   sfc_debug:cv_sfinterface.obj
 0001:000b7140       cv_dec_update_call         00000001800b8140 f   sfc_debug:cv_sfinterface.obj
 0001:000b7180       cv_cond_update_call        00000001800b8180 f   sfc_debug:cv_sfinterface.obj
 0001:000b71c0       cv_testobjective_update_call 00000001800b81c0 f   sfc_debug:cv_sfinterface.obj
 0001:000b7200       cv_sigrange_update         00000001800b8200 f   sfc_debug:cv_sfinterface.obj
 0001:000b7240       cvsf_eml_eval              00000001800b8240 f   sfc_debug:cv_sfinterface.obj
 0001:000b7320       cvsf_eml_init_script       00000001800b8320 f   sfc_debug:cv_sfinterface.obj
 0001:000b73a0       cvsf_eml_init_fcn          00000001800b83a0 f   sfc_debug:cv_sfinterface.obj
 0001:000b7400       cvsf_eml_init_testobjective 00000001800b8400 f   sfc_debug:cv_sfinterface.obj
 0001:000b7460       cvsf_eml_init_if           00000001800b8460 f   sfc_debug:cv_sfinterface.obj
 0001:000b74c0       cvsf_eml_init_for          00000001800b84c0 f   sfc_debug:cv_sfinterface.obj
 0001:000b7510       cvsf_eml_init_while        00000001800b8510 f   sfc_debug:cv_sfinterface.obj
 0001:000b7560       cvsf_eml_init_mcdc         00000001800b8560 f   sfc_debug:cv_sfinterface.obj
 0001:000b75f0       cvsf_eml_init_switch       00000001800b85f0 f   sfc_debug:cv_sfinterface.obj
 0001:000b7660       cvsf_script_eval           00000001800b8660 f   sfc_debug:cv_sfinterface.obj
 0001:000b7740       cvsf_script_init_script    00000001800b8740 f   sfc_debug:cv_sfinterface.obj
 0001:000b77c0       cvsf_script_init_fcn       00000001800b87c0 f   sfc_debug:cv_sfinterface.obj
 0001:000b7820       cvsf_script_init_testobjective 00000001800b8820 f   sfc_debug:cv_sfinterface.obj
 0001:000b7880       cvsf_script_init_if        00000001800b8880 f   sfc_debug:cv_sfinterface.obj
 0001:000b78e0       cvsf_script_init_for       00000001800b88e0 f   sfc_debug:cv_sfinterface.obj
 0001:000b7930       cvsf_script_init_while     00000001800b8930 f   sfc_debug:cv_sfinterface.obj
 0001:000b7980       cvsf_script_init_mcdc      00000001800b8980 f   sfc_debug:cv_sfinterface.obj
 0001:000b7a10       cvsf_script_init_switch    00000001800b8a10 f   sfc_debug:cv_sfinterface.obj
 0001:000b7a80       cv_destroy_interface       00000001800b8a80 f   sfc_debug:cv_sfinterface.obj
 0001:000b7aa0       cv_create_instance_objects 00000001800b8aa0 f   sfc_debug:cv_sfinterface.obj
 0001:000b7f50       cv_is_enabled              00000001800b8f50 f   sfc_debug:cv_sfinterface.obj
 0001:000b7f60       sf_debug_cv_initialize_script 00000001800b8f60 f   sfc_debug:cv_sfinterface.obj
 0001:000b8110       sf_debug_cv_initialize_instance 00000001800b9110 f   sfc_debug:cv_sfinterface.obj
 0001:000b84b0       sf_debug_cv_terminate_chart 00000001800b94b0 f   sfc_debug:cv_sfinterface.obj
 0001:000b85f0       cv_call_trans_test         00000001800b95f0 f   sfc_debug:cv_sfinterface.obj
 0001:000b8600       cv_call_sub_cond_test      00000001800b9600 f   sfc_debug:cv_sfinterface.obj
 0001:000b8640       sf_debug_st_initialize_machine 00000001800b9640 f   sfc_debug:sfdb_data_browse.obj
 0001:000b8700       sf_debug_st_initialize_instance 00000001800b9700 f   sfc_debug:sfdb_data_browse.obj
 0001:000b8930       sf_debug_st_terminate      00000001800b9930 f   sfc_debug:sfdb_data_browse.obj
 0001:000b8cd0       sf_debug_st_set_data_value_ptr_in_machine 00000001800b9cd0 f   sfc_debug:sfdb_data_browse.obj
 0001:000b8d60       sf_debug_st_set_data_value_ptr_in_instance 00000001800b9d60 f   sfc_debug:sfdb_data_browse.obj
 0001:000b8e40       sf_debug_st_unset_data_value_ptr_in_machine 00000001800b9e40 f   sfc_debug:sfdb_data_browse.obj
 0001:000b8eb0       sf_debug_st_unset_data_value_ptr_in_instance 00000001800b9eb0 f   sfc_debug:sfdb_data_browse.obj
 0001:000b91c0       sf_debug_mx_value          00000001800ba1c0 f   sfc_debug:sfdb_data_browse.obj
 0001:000b9220       sf_debug_mx_packed_vector  00000001800ba220 f   sfc_debug:sfdb_data_browse.obj
 0001:000b9300       sf_debug_mx_uint_vector    00000001800ba300 f   sfc_debug:sfdb_data_browse.obj
 0001:000b93c0       sf_debug_st_get_double_value_from_void_ptr_vector 00000001800ba3c0 f   sfc_debug:sfdb_data_browse.obj
 0001:000b9eb0       sf_debug_st_browse_data    00000001800baeb0 f   sfc_debug:sfdb_data_browse.obj
 0001:000ba740       sf_debug_hm_initialize_instance 00000001800bb740 f   sfc_debug:sfdb_handle_management.obj
 0001:000bacc0       sf_debug_hm_get_object_id  00000001800bbcc0 f   sfc_debug:sfdb_handle_management.obj
 0001:000bcc30       sf_debug_object_is_eml_function 00000001800bdc30 f   sfc_debug:sfdb_handle_management.obj
 0001:000bcca0       sf_debug_hm_initialize_ids_in_machine 00000001800bdca0 f   sfc_debug:sfdb_handle_management.obj
 0001:000bce10       sf_debug_hm_initialize_ids_in_chart 00000001800bde10 f   sfc_debug:sfdb_handle_management.obj
 0001:000bcf50       sf_debug_hm_initialize_chart 00000001800bdf50 f   sfc_debug:sfdb_handle_management.obj
 0001:000bd700       sf_debug_hm_terminate      00000001800be700 f   sfc_debug:sfdb_handle_management.obj
 0001:000bd760       sf_debug_hm_initialize_machine 00000001800be760 f   sfc_debug:sfdb_handle_management.obj
 0001:000bdf10       sf_debug_ss_initialize     00000001800bef10 f   sfc_debug:sfdb_symbol_scope.obj
 0001:000bdf30       sf_debug_ss_terminate      00000001800bef30 f   sfc_debug:sfdb_symbol_scope.obj
 0001:000bdfc0       sf_debug_ss_push_symbol_scope 00000001800befc0 f   sfc_debug:sfdb_symbol_scope.obj
 0001:000be0c0       sf_debug_ss_push_symbol_scope_eml 00000001800bf0c0 f   sfc_debug:sfdb_symbol_scope.obj
 0001:000be120       sf_debug_ss_pop_symbol_scope 00000001800bf120 f   sfc_debug:sfdb_symbol_scope.obj
 0001:000be1d0       sf_debug_ss_add_symbol     00000001800bf1d0 f   sfc_debug:sfdb_symbol_scope.obj
 0001:000be330       sf_debug_ss_add_symbol_eml 00000001800bf330 f   sfc_debug:sfdb_symbol_scope.obj
 0001:000bf010       sf_debug_ss_set_data_value 00000001800c0010 f   sfc_debug:sfdb_symbol_scope.obj
 0001:000bf4b0       sf_debug_ss_watch_data     00000001800c04b0 f   sfc_debug:sfdb_symbol_scope.obj
 0001:000bf550       sf_debug_ss_assign_data    00000001800c0550 f   sfc_debug:sfdb_symbol_scope.obj
 0001:000bff50       get_data_entry_name        00000001800c0f50 f   sfc_debug:sfdb_symbol_scope.obj
 0001:000bffa0       sf_debug_ss_whos           00000001800c0fa0 f   sfc_debug:sfdb_symbol_scope.obj
 0001:000c06b0       sf_debug_cc_initialize_chart 00000001800c16b0 f   sfc_debug:sfdb_coverage.obj
 0001:000c10a0       sf_debug_cc_initialize_instance 00000001800c20a0 f   sfc_debug:sfdb_coverage.obj
 0001:000c1ea0       sf_debug_cc_terminate      00000001800c2ea0 f   sfc_debug:sfdb_coverage.obj
 0001:000c1f90       sf_debug_cc_set_transition_maps 00000001800c2f90 f   sfc_debug:sfdb_coverage.obj
 0001:000c20c0       sf_debug_cc_set_state_maps 00000001800c30c0 f   sfc_debug:sfdb_coverage.obj
 0001:000c21a0       sf_debug_cc_set_transition_weights 00000001800c31a0 f   sfc_debug:sfdb_coverage.obj
 0001:000c2470       sf_debug_cc_set_state_weights 00000001800c3470 f   sfc_debug:sfdb_coverage.obj
 0001:000c2740       sf_debug_cc_mark_transition_guard 00000001800c3740 f   sfc_debug:sfdb_coverage.obj
 0001:000c27d0       sf_debug_cc_mark_transition_trigger 00000001800c37d0 f   sfc_debug:sfdb_coverage.obj
 0001:000c2860       sf_debug_cc_mark_transition_decision 00000001800c3860 f   sfc_debug:sfdb_coverage.obj
 0001:000c28d0       sf_debug_cc_mark_transition_condition_action 00000001800c38d0 f   sfc_debug:sfdb_coverage.obj
 0001:000c2920       sf_debug_cc_mark_transition_transition_action 00000001800c3920 f   sfc_debug:sfdb_coverage.obj
 0001:000c2970       sf_debug_cc_mark_state_entry 00000001800c3970 f   sfc_debug:sfdb_coverage.obj
 0001:000c29c0       sf_debug_cc_mark_state_during 00000001800c39c0 f   sfc_debug:sfdb_coverage.obj
 0001:000c2a10       sf_debug_cc_mark_state_exit 00000001800c3a10 f   sfc_debug:sfdb_coverage.obj
 0001:000c2a60       sf_debug_bm_clear_script_breakpoints 00000001800c3a60 f   sfc_debug:sfdb_breakpoints.obj
 0001:000c2a90       sf_debug_bm_set_script_breakpoint 00000001800c3a90 f   sfc_debug:sfdb_breakpoints.obj
 0001:000c2b10       sf_debug_bm_clear_single_script_breakpoint 00000001800c3b10 f   sfc_debug:sfdb_breakpoints.obj
 0001:000c2b90       sf_debug_bm_query_script_breakpoint 00000001800c3b90 f   sfc_debug:sfdb_breakpoints.obj
 0001:000c2be0       sf_debug_bm_initialize_scripts 00000001800c3be0 f   sfc_debug:sfdb_breakpoints.obj
 0001:000c3300       sf_debug_bm_terminate      00000001800c4300 f   sfc_debug:sfdb_breakpoints.obj
 0001:000c35f0       sf_debug_bm_remove_all_breakpoints_in_machine 00000001800c45f0 f   sfc_debug:sfdb_breakpoints.obj
 0001:000c3660       sf_debug_bm_remove_all_breakpoints_in_chart 00000001800c4660 f   sfc_debug:sfdb_breakpoints.obj
 0001:000c37b0       sf_debug_bm_initialize_global_breakpoints 00000001800c47b0 f   sfc_debug:sfdb_breakpoints.obj
 0001:000c3930       sf_debug_bm_set_breakpoint 00000001800c4930 f   sfc_debug:sfdb_breakpoints.obj
 0001:000c3f60       sf_debug_bm_set_eml_breakpoint 00000001800c4f60 f   sfc_debug:sfdb_breakpoints.obj
 0001:000c4000       sf_debug_bm_initialize_machine_breakpoint_map 00000001800c5000 f   sfc_debug:sfdb_breakpoints.obj
 0001:000c4420       sf_debug_bm_is_a_breakpoint 00000001800c5420 f   sfc_debug:sfdb_breakpoints.obj
 0001:000c4940       sf_debug_bm_get_all_breakpoints_in_machine 00000001800c5940 f   sfc_debug:sfdb_breakpoints.obj
 0001:000c4c40       sf_debug_bm_get_all_breakpoints_in_chart 00000001800c5c40 f   sfc_debug:sfdb_breakpoints.obj
 0001:000c5900       sf_debug_bm_initialize_machine 00000001800c6900 f   sfc_debug:sfdb_breakpoints.obj
 0001:000c59d0       sf_debug_bm_initialize_chart 00000001800c69d0 f   sfc_debug:sfdb_breakpoints.obj
 0001:000c5df0       sf_debug_sc_terminate      00000001800c6df0 f   sfc_debug:sfdb_state_consistency.obj
[...]
 0001:000a0a50       sf_numeric_value_to_double 00000001800a1a50 f   sfc_mex:sfc_mex.obj
 0001:000a0aa0       ml_generic_out_of_bounds_check 00000001800a1aa0 f   sfc_mex:sfc_mex.obj
 0001:000a0c70       ml_get_element_value_from_array 00000001800a1c70 f   sfc_mex:sfc_mex.obj
 0001:000a1010       _ml_generic_castability_check 00000001800a2010 f   sfc_mex:sfc_mex.obj
 0001:000a1d70       ml_generic_castability_check 00000001800a2d70 f   sfc_mex:sfc_mex.obj
 0001:000a1e10       ml_check_mx_array_for_single_castability 00000001800a2e10 f   sfc_mex:sfc_mex.obj
 0001:000a1eb0       ml_check_mx_array_for_logical_castability 00000001800a2eb0 f   sfc_mex:sfc_mex.obj
 0001:000a1f50       ml_check_mx_array_for_int8_castability 00000001800a2f50 f   sfc_mex:sfc_mex.obj
 0001:000a2000       ml_check_mx_array_for_uint8_castability 00000001800a3000 f   sfc_mex:sfc_mex.obj
 0001:000a2060       ml_check_mx_array_for_int16_castability 00000001800a3060 f   sfc_mex:sfc_mex.obj
 0001:000a20c0       ml_check_mx_array_for_uint16_castability 00000001800a30c0 f   sfc_mex:sfc_mex.obj
 0001:000a2120       ml_check_mx_array_for_int32_castability 00000001800a3120 f   sfc_mex:sfc_mex.obj
 0001:000a2180       ml_check_mx_array_for_uint32_castability 00000001800a3180 f   sfc_mex:sfc_mex.obj
 0001:000a21e0       ml_check_mx_array_for_castability 00000001800a31e0 f   sfc_mex:sfc_mex.obj
 0001:000a2b10       set_data_value             00000001800a3b10 f   sfc_mex:sfc_mex.obj
 0001:000a2e80       get_data_value             00000001800a3e80 f   sfc_mex:sfc_mex.obj
 0001:000a2f90       get_next_element_address   00000001800a3f90 f   sfc_mex:sfc_mex.obj
 0001:000a3060       sf_normalize_index         00000001800a4060 f   sfc_mex:sfc_mex.obj
 0001:000a33f0       ml_array_index_bound_check 00000001800a43f0 f   sfc_mex:sfc_mex.obj
 0001:000a3f10       mx_value                   00000001800a4f10 f   sfc_mex:sfc_mex.obj
 0001:000a3f60       sf_create_numeric_array    00000001800a4f60 f   sfc_mex:sfc_mex.obj
 0001:000a4000       sf_mex_assign_to_mx_array  00000001800a5000 f   sfc_mex:sfc_mex.obj
 0001:000a4350       assign_from_mx_array       00000001800a5350 f   sfc_mex:sfc_mex.obj
 0001:000a4b80       sf_mex_import_v            00000001800a5b80 f   sfc_mex:sfc_mex.obj
 0001:000a5280       get_machine_and_chart_file_number 00000001800a6280 f   sfc_mex:sfc_sf.obj
 0001:000a5370       get_sfun_block_specialization 00000001800a6370 f   sfc_mex:sfc_sf.obj
 0001:000a5420       call_sf_machine_global_method_dispatcher 00000001800a6420 f   sfc_mex:sfc_sf.obj
 0001:000a5670       mdl_zeroCrossings_processing 00000001800a6670 f   sfc_mex:sfc_sf.obj
 0001:000a5740       mdl_derivatives_processing 00000001800a6740 f   sfc_mex:sfc_sf.obj
 0001:000a5a00       mdl_outputs_continuous_legacy 00000001800a6a00 f   sfc_mex:sfc_sf.obj
 0001:000a5a80       mdl_outputs_processing     00000001800a6a80 f   sfc_mex:sfc_sf.obj
 0001:000a5cb0       mdl_enable_processing      00000001800a6cb0 f   sfc_mex:sfc_sf.obj
 0001:000a5d80       mdl_disable_processing     00000001800a6d80 f   sfc_mex:sfc_sf.obj
 0001:000a6af0       sf_call_output_fcn_enable_disable 00000001800a7af0 f   sfc_mex:sfc_sf.obj
 0001:000a6d70       set_dwork_information_from_mx_array 00000001800a7d70 f   sfc_mex:sfc_sf.obj
 0001:000a7630       ptr2mxStruct               00000001800a8630 f   sfc_mex:sfc_sf.obj
 0001:000a7940       SNPRINTF_WRAPPER           00000001800a8940 f   sfc_debug:sfcdebug.obj
 0001:000a7960       sf_debug_chart_instance_initialized_quick 00000001800a8960 f   sfc_debug:sfcdebug.obj
 0001:000a7970       sf_debug_chart_instance_initialized 00000001800a8970 f   sfc_debug:sfcdebug.obj
 0001:000a7b10       sfrtAddSize                00000001800a8b10 f   sfc_debug:sfcdebug.obj
 0001:000a7bd0       sfrtGenSizeString          00000001800a8bd0 f   sfc_debug:sfcdebug.obj
 0001:000a82e0       fill_single_message_info   00000001800a92e0 f   sfc_debug:sfcdebug.obj
 0001:000a84a0       sf_debug_sim_status_listener 00000001800a94a0 f   sfc_debug:sfcdebug.obj
 0001:000a8a10       sf_debug_form_mask_bits    00000001800a9a10 f   sfc_debug:sfcdebug.obj
 0001:000a8a50       sf_debug_form_sf_data_type_offsets 00000001800a9a50 f   sfc_debug:sfcdebug.obj
 0001:000a8b10       sf_debug_free_all          00000001800a9b10 f   sfc_debug:sfcdebug.obj
 0001:000a8cc0       sf_debug_append_debugger_context 00000001800a9cc0 f   sfc_debug:sfcdebug.obj
 0001:000a8f80       local_strdup               00000001800a9f80 f   sfc_debug:sfcdebug.obj
 0001:000a9e60       sf_debug_em_terminate      00000001800aae60 f   sfc_debug:sfcdebug.obj
 0001:000a9ea0       sf_debug_push_eml_function 00000001800aaea0 f   sfc_debug:sfcdebug.obj
 0001:000a9f40       sf_debug_pop_eml_function  00000001800aaf40 f   sfc_debug:sfcdebug.obj
 0001:000aac40       sf_debug_get_machine_number_from_id_or_name 00000001800abc40 f   sfc_debug:sfcdebug.obj
 0001:000aad90       sf_debug_get_chart_number_from_id 00000001800abd90 f   sfc_debug:sfcdebug.obj
 0001:000aba00       sf_debug_transfer_control_to_debugger_GUI 00000001800aca00 f   sfc_debug:sfcdebug.obj
 0001:000ac990       sf_debug_scripts_rehash    00000001800ad990 f   sfc_debug:sfcdebug.obj
 0001:000acbd0       sf_debug_get_script_line_count 00000001800adbd0 f   sfc_debug:sfcdebug.obj
 0001:000ad500       cv_eml_state_cvId          00000001800ae500 f   sfc_debug:sfcdebug.obj
 0001:000ad570       cv_eml_trans_cvId          00000001800ae570 f   sfc_debug:sfcdebug.obj
 0001:000ae830       sf_debug_data_array_bounds_error 00000001800af830 f   sfc_debug:sfcdebug.obj
 0001:000aec60       eml_debug_runtime_error_doclink 00000001800afc60 f   sfc_debug:sfcdebug.obj
 0001:000aede0       sf_debug_runtime_error     00000001800afde0 f   sfc_debug:sfcdebug.obj
 0001:000aee50       sf_debug_matlab_error      00000001800afe50 f   sfc_debug:sfcdebug.obj
 0001:000af780       sf_debug_data_value_error  00000001800b0780 f   sfc_debug:sfcdebug.obj
 0001:000b0080       sf_debug_data_loss_error   00000001800b1080 f   sfc_debug:sfcdebug.obj
 0001:000b0fa0       call_cv_range_check        00000001800b1fa0 f   sfc_debug:sfcdebug.obj
 0001:000b1770       sf_debug_invoke_cycle_detection_code 00000001800b2770 f   sfc_debug:sfcdebug.obj
 0001:000b2850       sf_reset_debug_info_struct 00000001800b3850 f   sfc_debug:sfcdebug.obj
 0001:000b3140       cv_script_cvId             00000001800b4140 f   sfc_debug:sfcdebug.obj
 0001:000b3e90       sfc_api_chart_visible      00000001800b4e90 f   sfc_debug:sfc_api.obj
 0001:000b3f10       sfc_api_active_instance    00000001800b4f10 f   sfc_debug:sfc_api.obj
 0001:000b3f90       sfc_api_machine_load       00000001800b4f90 f   sfc_debug:sfc_api.obj
 0001:000b4060       sfc_api_debugger_alive     00000001800b5060 f   sfc_debug:sfc_api.obj
 0001:000b4070       sfc_api_go                 00000001800b5070 f   sfc_debug:sfc_api.obj
 0001:000b4080       sfc_api_step_over          00000001800b5080 f   sfc_debug:sfc_api.obj
 0001:000b4090       sfc_api_step_out           00000001800b5090 f   sfc_debug:sfc_api.obj
 0001:000b40a0       sfc_api_resume             00000001800b50a0 f   sfc_debug:sfc_api.obj
 0001:000b40b0       sfc_api_break              00000001800b50b0 f   sfc_debug:sfc_api.obj
 0001:000b40c0       sfc_api_stop_debugging     00000001800b50c0 f   sfc_debug:sfc_api.obj
 0001:000b4110       sfc_api_is_cycle_detected  00000001800b5110 f   sfc_debug:sfc_api.obj
 0001:000b4160       sfc_api_is_array_bounds_detected 00000001800b5160 f   sfc_debug:sfc_api.obj
 0001:000b41b0       sfc_api_set_disable_all_breakpoints 00000001800b51b0 f   sfc_debug:sfc_api.obj
 0001:000b4220       sfc_api_disable_all_breakpoints_and_go 00000001800b5220 f   sfc_debug:sfc_api.obj
 0001:000b4230       sfc_api_close              00000001800b5230 f   sfc_debug:sfc_api.obj
 0001:000b4240       sfc_api_browse_data        00000001800b5240 f   sfc_debug:sfc_api.obj
 0001:000b42b0       sfc_api_watch_data         00000001800b52b0 f   sfc_debug:sfc_api.obj
 0001:000b4350       sfc_api_extract_message_post_receive_info 00000001800b5350 f   sfc_debug:sfc_api.obj
 0001:000b4370       sfc_api_assign_data        00000001800b5370 f   sfc_debug:sfc_api.obj
 0001:000b4410       sfc_api_whos               00000001800b5410 f   sfc_debug:sfc_api.obj
 0001:000b44a0       sfc_api_get_consistency_info 00000001800b54a0 f   sfc_debug:sfc_api.obj
 0001:000b44b0       sfc_api_browse_trace       00000001800b54b0 f   sfc_debug:sfc_api.obj
 0001:000b44c0       sfc_api_break_on_chart_entry 00000001800b54c0 f   sfc_debug:sfc_api.obj
 0001:000b44e0       sfc_api_break_on_event_broadcast 00000001800b54e0 f   sfc_debug:sfc_api.obj
 0001:000b4500       sfc_api_break_on_state_entry 00000001800b5500 f   sfc_debug:sfc_api.obj
 0001:000b4520       sfc_api_set_watch          00000001800b5520 f   sfc_debug:sfc_api.obj
 0001:000b45c0       sfc_api_set_breakpoints    00000001800b55c0 f   sfc_debug:sfc_api.obj
 0001:000b4660       sfc_api_set_eml_breakpoints 00000001800b5660 f   sfc_debug:sfc_api.obj
 0001:000b46e0       sfc_api_set_script_breakpoints 00000001800b56e0 f   sfc_debug:sfc_api.obj
 0001:000b4730       sfc_api_add_script_breakpoints 00000001800b5730 f   sfc_debug:sfc_api.obj
 0001:000b4780       sfc_api_clear_script_breakpoints 00000001800b5780 f   sfc_debug:sfc_api.obj
 0001:000b47d0       sfc_api_query_script_breakpoints 00000001800b57d0 f   sfc_debug:sfc_api.obj
 0001:000b4830       sfc_api_get_script_id      00000001800b5830 f   sfc_debug:sfc_api.obj
 0001:000b48f0       sfc_api_get_active_states  00000001800b58f0 f   sfc_debug:sfc_api.obj
 0001:000b4970       sfc_api_break_between_times 00000001800b5970 f   sfc_debug:sfc_api.obj
 0001:000b49d0       sfc_api_get_instance_handle 00000001800b59d0 f   sfc_debug:sfc_api.obj
 0001:000b4a80       sfc_api_set_animation      00000001800b5a80 f   sfc_debug:sfc_api.obj
 0001:000b4ad0       sfc_api_select_chart       00000001800b5ad0 f   sfc_debug:sfc_api.obj
 0001:000b4b30       sfc_api_select_charts      00000001800b5b30 f   sfc_debug:sfc_api.obj
 0001:000b4b60       sfc_api_cycle_detection_check 00000001800b5b60 f   sfc_debug:sfc_api.obj
 0001:000b4bb0       sfc_api_data_range_check   00000001800b5bb0 f   sfc_debug:sfc_api.obj
 0001:000b4c00       sfc_api_transition_conflict_check 00000001800b5c00 f   sfc_debug:sfc_api.obj
 0001:000b4c50       sfc_api_state_consistency_check 00000001800b5c50 f   sfc_debug:sfc_api.obj
 0001:000b4ca0       sfc_api_set_instance_cv_ids 00000001800b5ca0 f   sfc_debug:sfc_api.obj
 0001:000b4db0       sfc_api_set_script_cv_ids  00000001800b5db0 f   sfc_debug:sfc_api.obj
 0001:000b4e60       sfc_api_get_current_machine_id 00000001800b5e60 f   sfc_debug:sfc_api.obj
 0001:000b4e90       sfc_api_get_current_machine_number 00000001800b5e90 f   sfc_debug:sfc_api.obj
 0001:000b4ec0       sfc_api_get_current_chart_number 00000001800b5ec0 f   sfc_debug:sfc_api.obj
 0001:000b4ef0       sfc_api_get_current_instance_number 00000001800b5ef0 f   sfc_debug:sfc_api.obj
 0001:000b4f20       sfc_api_get_current_instance_handle 00000001800b5f20 f   sfc_debug:sfc_api.obj
 0001:000b4f40       sfc_api_get_current_is_minor_time_step 00000001800b5f40 f   sfc_debug:sfc_api.obj
 0001:000b4f70       sfc_api_get_current_machine_name 00000001800b5f70 f   sfc_debug:sfc_api.obj
 0001:000b4f90       sfc_api_get_current_chart_id 00000001800b5f90 f   sfc_debug:sfc_api.obj
 0001:000b4fc0       sfc_api_get_current_object_type 00000001800b5fc0 f   sfc_debug:sfc_api.obj
 0001:000b4ff0       sfc_api_get_current_event_type 00000001800b5ff0 f   sfc_debug:sfc_api.obj
 0001:000b5020       sfc_api_get_current_object_id 00000001800b6020 f   sfc_debug:sfc_api.obj
 0001:000b5050       sfc_get_current_active_event_type 00000001800b6050 f   sfc_debug:sfc_api.obj
 0001:000b5080       sfc_api_get_current_active_event_id 00000001800b6080 f   sfc_debug:sfc_api.obj
 0001:000b50b0       sfc_api_get_current_simulation_time 00000001800b60b0 f   sfc_debug:sfc_api.obj
 0001:000b50d0       sfc_get_current_tag_type   00000001800b60d0 f   sfc_debug:sfc_api.obj
 0001:000b5100       sfc_get_current_coverage_percentage 00000001800b6100 f   sfc_debug:sfc_api.obj
 0001:000b5120       sfc_get_current_statement_context 00000001800b6120 f   sfc_debug:sfc_api.obj
 0001:000b5140       sfc_get_current_optional_integer 00000001800b6140 f   sfc_debug:sfc_api.obj
 0001:000b5170       sfc_get_current_statement_info 00000001800b6170 f   sfc_debug:sfc_api.obj
 0001:000b5210       sfc_api_get                00000001800b6210 f   sfc_debug:sfc_api.obj
 0001:000b5370       sf_debug_sm_is_using_unified_editors 00000001800b6370 f   sfc_debug:sfdb_animation.obj
 0001:000b5410       sf_debug_sm_is_chart_visible_in_unified_editors 00000001800b6410 f   sfc_debug:sfdb_animation.obj
 0001:000b54d0       sf_debug_sm_check_if_chart_is_visible 00000001800b64d0 f   sfc_debug:sfdb_animation.obj
 0001:000b5fd0       sf_debug_sm_fill_state_activity_data 00000001800b6fd0 f   sfc_debug:sfdb_animation.obj
 0001:000b8800       void_ptr_stack_vector_free_total 00000001800b9800 f   sfc_debug:sfdb_data_browse.obj
 0001:000b8890       sf_debug_st_terminate_machine 00000001800b9890 f   sfc_debug:sfdb_data_browse.obj
 0001:000b88d0       sf_debug_st_terminate_instance 00000001800b98d0 f   sfc_debug:sfdb_data_browse.obj
 0001:000b8c80       push_on_to_void_ptr_stack  00000001800b9c80 f   sfc_debug:sfdb_data_browse.obj
 0001:000b8e10       pop_from_void_ptr_stack    00000001800b9e10 f   sfc_debug:sfdb_data_browse.obj
 0001:000b8f40       sf_debug_st_get_data_value 00000001800b9f40 f   sfc_debug:sfdb_data_browse.obj
 0001:000b94d0       mx_value                   00000001800ba4d0 f   sfc_debug:sfdb_data_browse.obj
 0001:000b9510       sf_debug_st_fill_data_struct 00000001800ba510 f   sfc_debug:sfdb_data_browse.obj
 0001:000b9850       data_type_format_strings   00000001800ba850 f   sfc_debug:sfdb_data_browse.obj
 0001:000b9900       sf_debug_st_fill_data      00000001800ba900 f   sfc_debug:sfdb_data_browse.obj
 0001:000ba650       sf_debug_hm_get_simulink_handle 00000001800bb650 f   sfc_debug:sfdb_handle_management.obj
 0001:000bb1a0       sf_debug_hm_initialize_globals 00000001800bc1a0 f   sfc_debug:sfdb_handle_management.obj
 0001:000bb2a0       sf_debug_hm_get_machine_debug_flag 00000001800bc2a0 f   sfc_debug:sfdb_handle_management.obj
 0001:000bb410       sf_debug_hm_get_machine_id 00000001800bc410 f   sfc_debug:sfdb_handle_management.obj
 0001:000bb530       sf_debug_hm_get_chart_id   00000001800bc530 f   sfc_debug:sfdb_handle_management.obj
 0001:000bb6d0       sf_debug_hm_register_executing_SFunction 00000001800bc6d0 f   sfc_debug:sfdb_handle_management.obj
 0001:000bb870       sf_debug_hm_get_chart_active_instance 00000001800bc870 f   sfc_debug:sfdb_handle_management.obj
 0001:000bb9e0       sf_debug_hm_get_chart_visibility 00000001800bc9e0 f   sfc_debug:sfdb_handle_management.obj
 0001:000bbb30       sf_debug_hm_form_object_boolean_properties 00000001800bcb30 f   sfc_debug:sfdb_handle_management.obj
 0001:000bbe00       sf_debug_hm_form_object_properties 00000001800bce00 f   sfc_debug:sfdb_handle_management.obj
 0001:000bc040       sf_debug_hm_terminate_charts 00000001800bd040 f   sfc_debug:sfdb_handle_management.obj
 0001:000bc7b0       sf_debug_hm_terminate_machines 00000001800bd7b0 f   sfc_debug:sfdb_handle_management.obj
 0001:000be400       sf_debug_ss_copy_dimension 00000001800bf400 f   sfc_debug:sfdb_symbol_scope.obj
 0001:000be4c0       sf_debug_ss_get_number_elements 00000001800bf4c0 f   sfc_debug:sfdb_symbol_scope.obj
 0001:000be4e0       sf_debug_ss_fill_data_struct 00000001800bf4e0 f   sfc_debug:sfdb_symbol_scope.obj
 0001:000be830       sf_debug_ss_reset_data_info 00000001800bf830 f   sfc_debug:sfdb_symbol_scope.obj
 0001:000be890       sf_debug_fill_data_info_by_symbol_scope_entry 00000001800bf890 f   sfc_debug:sfdb_symbol_scope.obj
 0001:000be950       sf_debug_fill_data_info_by_data_vector 00000001800bf950 f   sfc_debug:sfdb_symbol_scope.obj
 0001:000beba0       sf_debug_ss_get_data_info  00000001800bfba0 f   sfc_debug:sfdb_symbol_scope.obj
 0001:000bee90       sf_debug_select_mex_function 00000001800bfe90 f   sfc_debug:sfdb_symbol_scope.obj
 0001:000beec0       sf_debug_is_dyn_matrix_initialized 00000001800bfec0 f   sfc_debug:sfdb_symbol_scope.obj
 0001:000beee0       sf_debug_ss_set_data_value_try 00000001800bfee0 f   sfc_debug:sfdb_symbol_scope.obj
 0001:000bf0b0       sf_debug_ss_get_data_value 00000001800c00b0 f   sfc_debug:sfdb_symbol_scope.obj
 0001:000bf600       sf_debug_ss_data_bytes_string 00000001800c0600 f   sfc_debug:sfdb_symbol_scope.obj
 0001:000bf6b0       sf_debug_ss_data_class_string 00000001800c06b0 f   sfc_debug:sfdb_symbol_scope.obj
 0001:000bfa40       sf_debug_ss_data_size_string 00000001800c0a40 f   sfc_debug:sfdb_symbol_scope.obj
 0001:000bfb20       sf_debug_ss_data_create_data_info_struct 00000001800c0b20 f   sfc_debug:sfdb_symbol_scope.obj
 0001:000bfdf0       sf_debug_ss_data_create_name_value_pair 00000001800c0df0 f   sfc_debug:sfdb_symbol_scope.obj
 0001:000bfe90       sf_debug_ss_data_get_whos_info 00000001800c0e90 f   sfc_debug:sfdb_symbol_scope.obj
 0001:000bfea0       same_named_data_in_data_array 00000001800c0ea0 f   sfc_debug:sfdb_symbol_scope.obj
 0001:000c1710       sf_debug_cc_terminate_chart 00000001800c2710 f   sfc_debug:sfdb_coverage.obj
 0001:000c1ab0       sf_debug_cc_terminate_instance 00000001800c2ab0 f   sfc_debug:sfdb_coverage.obj
 0001:000c26a0       sf_debug_cc_mark_object_if_needed 00000001800c36a0 f   sfc_debug:sfdb_coverage.obj
 0001:000c2fa0       sf_debug_bm_initialize_eml 00000001800c3fa0 f   sfc_debug:sfdb_breakpoints.obj
 0001:000c4110       sf_debug_bm_map_debug_tag_to_breakpoint_tag 00000001800c5110 f   sfc_debug:sfdb_breakpoints.obj
 0001:000c41f0       sf_debug_bm_is_a_eml_breakpoint_impl 00000001800c51f0 f   sfc_debug:sfdb_breakpoints.obj
 0001:000c5c70       sf_debug_sc_push_on_error_stack 00000001800c6c70 f   sfc_debug:sfdb_state_consistency.obj
 0001:000c5da0       sf_debug_sc_reset_error_stack 00000001800c6da0 f   sfc_debug:sfdb_state_consistency.obj
 0001:000c5f30       sf_debug_sc_is_state_inconsistent 00000001800c6f30 f   sfc_debug:sfdb_state_consistency.obj
 0001:000c6230       sf_debug_sc_fill_consistency_info 00000001800c7230 f   sfc_debug:sfdb_state_consistency.obj
 0001:000c6810       void_assertion_fcn         00000001800c7810 f   sfc_debug:sfdb_call_stack.obj
 0001:000c6d90       sf_debug_tm_fill_local_trace 00000001800c7d90 f   sfc_debug:sfdb_call_stack.obj
 0001:000c7360       sf_debug_cd_terminate_instance 00000001800c8360 f   sfc_debug:sfdb_cycle_detection.obj
 0001:000c73c0       sf_debug_cd_free_checksum_stack 00000001800c83c0 f   sfc_debug:sfdb_cycle_detection.obj
 0001:000c7410       sf_debug_cd_reset_pack_strings 00000001800c8410 f   sfc_debug:sfdb_cycle_detection.obj
 0001:000c7ad0       md5file_clear              00000001800c8ad0 f   sfc_debug:ckmd5.obj
 0001:000c7b00       Encode                     00000001800c8b00 f   sfc_debug:ckmd5.obj
 0001:000c7b50       Decode                     00000001800c8b50 f   sfc_debug:ckmd5.obj
 0001:000c7bf0       MD5Transform               00000001800c8bf0 f   sfc_debug:ckmd5.obj
 0001:000c8440       md5file_addn               00000001800c9440 f   sfc_debug:ckmd5.obj
 0001:000c8510       md5file_hash               00000001800c9510 f   sfc_debug:ckmd5.obj
 0001:000c89d8       pre_c_init                 00000001800c99d8 f   MSVCRT:crtdll.obj
 0001:000c8c94       __DllMainCRTStartup        00000001800c9c94 f   MSVCRT:crtdll.obj
 0001:000c93a0       __DllMainCRTStartup$filt$0 00000001800ca3a0 f   MSVCRT:crtdll.obj
 0001:000c93d0       __DllMainCRTStartup$fin$1  00000001800ca3d0 f   MSVCRT:crtdll.obj
 0001:000c93ea       _onexit$fin$0              00000001800ca3ea f   MSVCRT:atonexit.obj
 0001:000c9410       _IsNonwritableInCurrentImage$filt$0 00000001800ca410 f   MSVCRT:pesect.obj
